Archive member included to satisfy reference by file (symbol)

d:/stm32cubeide/stm32cubeide_1.7.0/stm32cubeide/plugins/com.st.stm32cube.ide.mcu.externaltools.gnu-tools-for-stm32.9-2020-q2-update.win32_2.0.0.202105311346/tools/bin/../lib/gcc/arm-none-eabi/9.3.1/../../../../arm-none-eabi/lib/thumb/v7-m/nofp\libc_nano.a(lib_a-errno.o)
                              ./Core/Src/syscalls.o (__errno)
d:/stm32cubeide/stm32cubeide_1.7.0/stm32cubeide/plugins/com.st.stm32cube.ide.mcu.externaltools.gnu-tools-for-stm32.9-2020-q2-update.win32_2.0.0.202105311346/tools/bin/../lib/gcc/arm-none-eabi/9.3.1/../../../../arm-none-eabi/lib/thumb/v7-m/nofp\libc_nano.a(lib_a-exit.o)
                              d:/stm32cubeide/stm32cubeide_1.7.0/stm32cubeide/plugins/com.st.stm32cube.ide.mcu.externaltools.gnu-tools-for-stm32.9-2020-q2-update.win32_2.0.0.202105311346/tools/bin/../lib/gcc/arm-none-eabi/9.3.1/../../../../arm-none-eabi/lib/thumb/v7-m/nofp/crt0.o (exit)
d:/stm32cubeide/stm32cubeide_1.7.0/stm32cubeide/plugins/com.st.stm32cube.ide.mcu.externaltools.gnu-tools-for-stm32.9-2020-q2-update.win32_2.0.0.202105311346/tools/bin/../lib/gcc/arm-none-eabi/9.3.1/../../../../arm-none-eabi/lib/thumb/v7-m/nofp\libc_nano.a(lib_a-impure.o)
                              d:/stm32cubeide/stm32cubeide_1.7.0/stm32cubeide/plugins/com.st.stm32cube.ide.mcu.externaltools.gnu-tools-for-stm32.9-2020-q2-update.win32_2.0.0.202105311346/tools/bin/../lib/gcc/arm-none-eabi/9.3.1/../../../../arm-none-eabi/lib/thumb/v7-m/nofp\libc_nano.a(lib_a-exit.o) (_global_impure_ptr)
d:/stm32cubeide/stm32cubeide_1.7.0/stm32cubeide/plugins/com.st.stm32cube.ide.mcu.externaltools.gnu-tools-for-stm32.9-2020-q2-update.win32_2.0.0.202105311346/tools/bin/../lib/gcc/arm-none-eabi/9.3.1/../../../../arm-none-eabi/lib/thumb/v7-m/nofp\libc_nano.a(lib_a-init.o)
                              d:/stm32cubeide/stm32cubeide_1.7.0/stm32cubeide/plugins/com.st.stm32cube.ide.mcu.externaltools.gnu-tools-for-stm32.9-2020-q2-update.win32_2.0.0.202105311346/tools/bin/../lib/gcc/arm-none-eabi/9.3.1/../../../../arm-none-eabi/lib/thumb/v7-m/nofp/crt0.o (__libc_init_array)
d:/stm32cubeide/stm32cubeide_1.7.0/stm32cubeide/plugins/com.st.stm32cube.ide.mcu.externaltools.gnu-tools-for-stm32.9-2020-q2-update.win32_2.0.0.202105311346/tools/bin/../lib/gcc/arm-none-eabi/9.3.1/../../../../arm-none-eabi/lib/thumb/v7-m/nofp\libc_nano.a(lib_a-malloc.o)
                              ./Core/Src/input_processing.o (malloc)
d:/stm32cubeide/stm32cubeide_1.7.0/stm32cubeide/plugins/com.st.stm32cube.ide.mcu.externaltools.gnu-tools-for-stm32.9-2020-q2-update.win32_2.0.0.202105311346/tools/bin/../lib/gcc/arm-none-eabi/9.3.1/../../../../arm-none-eabi/lib/thumb/v7-m/nofp\libc_nano.a(lib_a-memset.o)
                              d:/stm32cubeide/stm32cubeide_1.7.0/stm32cubeide/plugins/com.st.stm32cube.ide.mcu.externaltools.gnu-tools-for-stm32.9-2020-q2-update.win32_2.0.0.202105311346/tools/bin/../lib/gcc/arm-none-eabi/9.3.1/../../../../arm-none-eabi/lib/thumb/v7-m/nofp/crt0.o (memset)
d:/stm32cubeide/stm32cubeide_1.7.0/stm32cubeide/plugins/com.st.stm32cube.ide.mcu.externaltools.gnu-tools-for-stm32.9-2020-q2-update.win32_2.0.0.202105311346/tools/bin/../lib/gcc/arm-none-eabi/9.3.1/../../../../arm-none-eabi/lib/thumb/v7-m/nofp\libc_nano.a(lib_a-nano-freer.o)
                              d:/stm32cubeide/stm32cubeide_1.7.0/stm32cubeide/plugins/com.st.stm32cube.ide.mcu.externaltools.gnu-tools-for-stm32.9-2020-q2-update.win32_2.0.0.202105311346/tools/bin/../lib/gcc/arm-none-eabi/9.3.1/../../../../arm-none-eabi/lib/thumb/v7-m/nofp\libc_nano.a(lib_a-malloc.o) (_free_r)
d:/stm32cubeide/stm32cubeide_1.7.0/stm32cubeide/plugins/com.st.stm32cube.ide.mcu.externaltools.gnu-tools-for-stm32.9-2020-q2-update.win32_2.0.0.202105311346/tools/bin/../lib/gcc/arm-none-eabi/9.3.1/../../../../arm-none-eabi/lib/thumb/v7-m/nofp\libc_nano.a(lib_a-nano-mallocr.o)
                              d:/stm32cubeide/stm32cubeide_1.7.0/stm32cubeide/plugins/com.st.stm32cube.ide.mcu.externaltools.gnu-tools-for-stm32.9-2020-q2-update.win32_2.0.0.202105311346/tools/bin/../lib/gcc/arm-none-eabi/9.3.1/../../../../arm-none-eabi/lib/thumb/v7-m/nofp\libc_nano.a(lib_a-malloc.o) (_malloc_r)
d:/stm32cubeide/stm32cubeide_1.7.0/stm32cubeide/plugins/com.st.stm32cube.ide.mcu.externaltools.gnu-tools-for-stm32.9-2020-q2-update.win32_2.0.0.202105311346/tools/bin/../lib/gcc/arm-none-eabi/9.3.1/../../../../arm-none-eabi/lib/thumb/v7-m/nofp\libc_nano.a(lib_a-sbrkr.o)
                              d:/stm32cubeide/stm32cubeide_1.7.0/stm32cubeide/plugins/com.st.stm32cube.ide.mcu.externaltools.gnu-tools-for-stm32.9-2020-q2-update.win32_2.0.0.202105311346/tools/bin/../lib/gcc/arm-none-eabi/9.3.1/../../../../arm-none-eabi/lib/thumb/v7-m/nofp\libc_nano.a(lib_a-nano-mallocr.o) (_sbrk_r)
[...]
Memory Configuration

Name             Origin             Length             Attributes
RAM              0x0000000020000000 0x0000000000002800 xrw
FLASH            0x0000000008000000 0x0000000000008000 xr
*default*        0x0000000000000000 0xffffffffffffffff

Linker script and memory map

LOAD d:/stm32cubeide/stm32cubeide_1.7.0/stm32cubeide/plugins/com.st.stm32cube.ide.mcu.externaltools.gnu-tools-for-stm32.9-2020-q2-update.win32_2.0.0.202105311346/tools/bin/../lib/gcc/arm-none-eabi/9.3.1/thumb/v7-m/nofp/crti.o
LOAD d:/stm32cubeide/stm32cubeide_1.7.0/stm32cubeide/plugins/com.st.stm32cube.ide.mcu.externaltools.gnu-tools-for-stm32.9-2020-q2-update.win32_2.0.0.202105311346/tools/bin/../lib/gcc/arm-none-eabi/9.3.1/thumb/v7-m/nofp/crtbegin.o
LOAD d:/stm32cubeide/stm32cubeide_1.7.0/stm32cubeide/plugins/com.st.stm32cube.ide.mcu.externaltools.gnu-tools-for-stm32.9-2020-q2-update.win32_2.0.0.202105311346/tools/bin/../lib/gcc/arm-none-eabi/9.3.1/../../../../arm-none-eabi/lib/thumb/v7-m/nofp/crt0.o
LOAD ./Core/Src/functionality.o
LOAD ./Core/Src/input_processing.o
LOAD ./Core/Src/input_reading.o
LOAD ./Core/Src/led7_display.o
LOAD ./Core/Src/main.o
LOAD ./Core/Src/stm32f1xx_hal_msp.o
LOAD ./Core/Src/stm32f1xx_it.o
LOAD ./Core/Src/syscalls.o
LOAD ./Core/Src/sysmem.o
LOAD ./Core/Src/system_stm32f1xx.o
LOAD ./Core/Src/timer.o
LOAD ./Core/Src/traffic.o
LOAD ./Core/Startup/startup_stm32f103c6tx.o
LOAD ./Drivers/STM32F1xx_HAL_Driver/Src/stm32f1xx_hal.o
LOAD ./Drivers/STM32F1xx_HAL_Driver/Src/stm32f1xx_hal_cortex.o
LOAD ./Drivers/STM32F1xx_HAL_Driver/Src/stm32f1xx_hal_dma.o
LOAD ./Drivers/STM32F1xx_HAL_Driver/Src/stm32f1xx_hal_exti.o
LOAD ./Drivers/STM32F1xx_HAL_Driver/Src/stm32f1xx_hal_flash.o
LOAD ./Drivers/STM32F1xx_HAL_Driver/Src/stm32f1xx_hal_flash_ex.o
LOAD ./Drivers/STM32F1xx_HAL_Driver/Src/stm32f1xx_hal_gpio.o
LOAD ./Drivers/STM32F1xx_HAL_Driver/Src/stm32f1xx_hal_gpio_ex.o
LOAD ./Drivers/STM32F1xx_HAL_Driver/Src/stm32f1xx_hal_pwr.o
LOAD ./Drivers/STM32F1xx_HAL_Driver/Src/stm32f1xx_hal_rcc.o
LOAD ./Drivers/STM32F1xx_HAL_Driver/Src/stm32f1xx_hal_rcc_ex.o
LOAD ./Drivers/STM32F1xx_HAL_Driver/Src/stm32f1xx_hal_tim.o
LOAD ./Drivers/STM32F1xx_HAL_Driver/Src/stm32f1xx_hal_tim_ex.o
START GROUP
LOAD d:/stm32cubeide/stm32cubeide_1.7.0/stm32cubeide/plugins/com.st.stm32cube.ide.mcu.externaltools.gnu-tools-for-stm32.9-2020-q2-update.win32_2.0.0.202105311346/tools/bin/../lib/gcc/arm-none-eabi/9.3.1/../../../../arm-none-eabi/lib/thumb/v7-m/nofp\libc_nano.a
LOAD d:/stm32cubeide/stm32cubeide_1.7.0/stm32cubeide/plugins/com.st.stm32cube.ide.mcu.externaltools.gnu-tools-for-stm32.9-2020-q2-update.win32_2.0.0.202105311346/tools/bin/../lib/gcc/arm-none-eabi/9.3.1/../../../../arm-none-eabi/lib/thumb/v7-m/nofp\libm.a
END GROUP
START GROUP
LOAD d:/stm32cubeide/stm32cubeide_1.7.0/stm32cubeide/plugins/com.st.stm32cube.ide.mcu.externaltools.gnu-tools-for-stm32.9-2020-q2-update.win32_2.0.0.202105311346/tools/bin/../lib/gcc/arm-none-eabi/9.3.1/thumb/v7-m/nofp\libgcc.a
LOAD d:/stm32cubeide/stm32cubeide_1.7.0/stm32cubeide/plugins/com.st.stm32cube.ide.mcu.externaltools.gnu-tools-for-stm32.9-2020-q2-update.win32_2.0.0.202105311346/tools/bin/../lib/gcc/arm-none-eabi/9.3.1/../../../../arm-none-eabi/lib/thumb/v7-m/nofp\libc_nano.a
END GROUP
START GROUP
LOAD d:/stm32cubeide/stm32cubeide_1.7.0/stm32cubeide/plugins/com.st.stm32cube.ide.mcu.externaltools.gnu-tools-for-stm32.9-2020-q2-update.win32_2.0.0.202105311346/tools/bin/../lib/gcc/arm-none-eabi/9.3.1/thumb/v7-m/nofp\libgcc.a
LOAD d:/stm32cubeide/stm32cubeide_1.7.0/stm32cubeide/plugins/com.st.stm32cube.ide.mcu.externaltools.gnu-tools-for-stm32.9-2020-q2-update.win32_2.0.0.202105311346/tools/bin/../lib/gcc/arm-none-eabi/9.3.1/../../../../arm-none-eabi/lib/thumb/v7-m/nofp\libc_nano.a
LOAD d:/stm32cubeide/stm32cubeide_1.7.0/stm32cubeide/plugins/com.st.stm32cube.ide.mcu.externaltools.gnu-tools-for-stm32.9-2020-q2-update.win32_2.0.0.202105311346/tools/bin/../lib/gcc/arm-none-eabi/9.3.1/../../../../arm-none-eabi/lib/thumb/v7-m/nofp\libnosys.a
END GROUP
START GROUP
LOAD d:/stm32cubeide/stm32cubeide_1.7.0/stm32cubeide/plugins/com.st.stm32cube.ide.mcu.externaltools.gnu-tools-for-stm32.9-2020-q2-update.win32_2.0.0.202105311346/tools/bin/../lib/gcc/arm-none-eabi/9.3.1/thumb/v7-m/nofp\libgcc.a
LOAD d:/stm32cubeide/stm32cubeide_1.7.0/stm32cubeide/plugins/com.st.stm32cube.ide.mcu.externaltools.gnu-tools-for-stm32.9-2020-q2-update.win32_2.0.0.202105311346/tools/bin/../lib/gcc/arm-none-eabi/9.3.1/../../../../arm-none-eabi/lib/thumb/v7-m/nofp\libc_nano.a
LOAD d:/stm32cubeide/stm32cubeide_1.7.0/stm32cubeide/plugins/com.st.stm32cube.ide.mcu.externaltools.gnu-tools-for-stm32.9-2020-q2-update.win32_2.0.0.202105311346/tools/bin/../lib/gcc/arm-none-eabi/9.3.1/../../../../arm-none-eabi/lib/thumb/v7-m/nofp\libnosys.a
END GROUP
LOAD d:/stm32cubeide/stm32cubeide_1.7.0/stm32cubeide/plugins/com.st.stm32cube.ide.mcu.externaltools.gnu-tools-for-stm32.9-2020-q2-update.win32_2.0.0.202105311346/tools/bin/../lib/gcc/arm-none-eabi/9.3.1/thumb/v7-m/nofp/crtend.o
LOAD d:/stm32cubeide/stm32cubeide_1.7.0/stm32cubeide/plugins/com.st.stm32cube.ide.mcu.externaltools.gnu-tools-for-stm32.9-2020-q2-update.win32_2.0.0.202105311346/tools/bin/../lib/gcc/arm-none-eabi/9.3.1/thumb/v7-m/nofp/crtn.o
                0x0000000020002800                _estack = (ORIGIN (RAM) + LENGTH (RAM))
                0x0000000000000200                _Min_Heap_Size = 0x200
                0x0000000000000400                _Min_Stack_Size = 0x400

.isr_vector     0x0000000008000000      0x10c
                0x0000000008000000                . = ALIGN (0x4)
 *(.isr_vector)
 .isr_vector    0x0000000008000000      0x10c ./Core/Startup/startup_stm32f103c6tx.o
                0x0000000008000000                g_pfnVectors
                0x000000000800010c                . = ALIGN (0x4)

.text           0x000000000800010c     0x2c1c
                0x000000000800010c                . = ALIGN (0x4)
 *(.text)
 .text          0x000000000800010c       0x40 d:/stm32cubeide/stm32cubeide_1.7.0/stm32cubeide/plugins/com.st.stm32cube.ide.mcu.externaltools.gnu-tools-for-stm32.9-2020-q2-update.win32_2.0.0.202105311346/tools/bin/../lib/gcc/arm-none-eabi/9.3.1/thumb/v7-m/nofp/crtbegin.o
 *(.text*)
 .text.copyArray
                0x000000000800014c       0x3c ./Core/Src/functionality.o
                0x000000000800014c                copyArray
 .text.init_fsm_input_processing
                0x0000000008000188       0x88 ./Core/Src/input_processing.o
                0x0000000008000188                init_fsm_input_processing
 .text.fsm_for_input_processing
                0x0000000008000210       0x88 ./Core/Src/input_processing.o
                0x0000000008000210                fsm_for_input_processing
 .text.fsm_for_traffic_control
                0x0000000008000298       0xa4 ./Core/Src/input_processing.o
                0x0000000008000298                fsm_for_traffic_control
 .text.process  0x000000000800033c       0xd8 ./Core/Src/input_processing.o
                0x000000000800033c                process
 .text.setBufferLed7
                0x0000000008000414       0x78 ./Core/Src/input_processing.o
                0x0000000008000414                setBufferLed7
 .text.scanLed7
                0x000000000800048c       0x44 ./Core/Src/input_processing.o
                0x000000000800048c                scanLed7
 .text.increase
                0x00000000080004d0       0xe8 ./Core/Src/input_processing.o
                0x00000000080004d0                increase
 .text.decrease
                0x00000000080005b8       0xe8 ./Core/Src/input_processing.o
                0x00000000080005b8                decrease
 .text.blinkTraffic
                0x00000000080006a0       0x98 ./Core/Src/input_processing.o
                0x00000000080006a0                blinkTraffic
 .text.init_button_reading
                0x0000000008000738       0xa4 ./Core/Src/input_reading.o
                0x0000000008000738                init_button_reading
 .text.button_reading
                0x00000000080007dc       0x9c ./Core/Src/input_reading.o
                0x00000000080007dc                button_reading
 .text.is_button_pressed
                0x0000000008000878       0x40 ./Core/Src/input_reading.o
                0x0000000008000878                is_button_pressed
 .text.init_led7
                0x00000000080008b8       0x98 ./Core/Src/led7_display.o
                0x00000000080008b8                init_led7
 .text.display_7SEG
                0x0000000008000950       0xd4 ./Core/Src/led7_display.o
                0x0000000008000950                display_7SEG
 .text.main     0x0000000008000a24       0x30 ./Core/Src/main.o
                0x0000000008000a24                main
 .text.SystemClock_Config
                0x0000000008000a54       0x76 ./Core/Src/main.o
                0x0000000008000a54                SystemClock_Config
 *fill*         0x0000000008000aca        0x2 
 .text.MX_TIM2_Init
                0x0000000008000acc       0x98 ./Core/Src/main.o
 .text.MX_GPIO_Init
                0x0000000008000b64       0xc8 ./Core/Src/main.o
 .text.Error_Handler
                0x0000000008000c2c        0xa ./Core/Src/main.o
                0x0000000008000c2c                Error_Handler
 *fill*         0x0000000008000c36        0x2 
 .text.HAL_MspInit
                0x0000000008000c38       0x64 ./Core/Src/stm32f1xx_hal_msp.o
                0x0000000008000c38                HAL_MspInit
 .text.HAL_TIM_Base_MspInit
                0x0000000008000c9c       0x48 ./Core/Src/stm32f1xx_hal_msp.o
                0x0000000008000c9c                HAL_TIM_Base_MspInit
 .text.NMI_Handler
                0x0000000008000ce4        0x6 ./Core/Src/stm32f1xx_it.o
                0x0000000008000ce4                NMI_Handler
 .text.HardFault_Handler
                0x0000000008000cea        0x6 ./Core/Src/stm32f1xx_it.o
                0x0000000008000cea                HardFault_Handler
 .text.MemManage_Handler
                0x0000000008000cf0        0x6 ./Core/Src/stm32f1xx_it.o
                0x0000000008000cf0                MemManage_Handler
 .text.BusFault_Handler
                0x0000000008000cf6        0x6 ./Core/Src/stm32f1xx_it.o
                0x0000000008000cf6                BusFault_Handler
 .text.UsageFault_Handler
                0x0000000008000cfc        0x6 ./Core/Src/stm32f1xx_it.o
                0x0000000008000cfc                UsageFault_Handler
 .text.SVC_Handler
                0x0000000008000d02        0xc ./Core/Src/stm32f1xx_it.o
                0x0000000008000d02                SVC_Handler
 .text.DebugMon_Handler
                0x0000000008000d0e        0xc ./Core/Src/stm32f1xx_it.o
                0x0000000008000d0e                DebugMon_Handler
 .text.PendSV_Handler
                0x0000000008000d1a        0xc ./Core/Src/stm32f1xx_it.o
                0x0000000008000d1a                PendSV_Handler
 .text.SysTick_Handler
                0x0000000008000d26        0xc ./Core/Src/stm32f1xx_it.o
                0x0000000008000d26                SysTick_Handler
 *fill*         0x0000000008000d32        0x2 
 .text.TIM2_IRQHandler
                0x0000000008000d34       0x14 ./Core/Src/stm32f1xx_it.o
                0x0000000008000d34                TIM2_IRQHandler
 .text._kill    0x0000000008000d48       0x20 ./Core/Src/syscalls.o
                0x0000000008000d48                _kill
 .text._exit    0x0000000008000d68       0x14 ./Core/Src/syscalls.o
                0x0000000008000d68                _exit
 .text._sbrk    0x0000000008000d7c       0x6c ./Core/Src/sysmem.o
                0x0000000008000d7c                _sbrk
 .text.SystemInit
                0x0000000008000de8        0xc ./Core/Src/system_stm32f1xx.o
                0x0000000008000de8                SystemInit
 .text.init_timer
                0x0000000008000df4      0x154 ./Core/Src/timer.o
                0x0000000008000df4                init_timer
 .text.setMilTimer
                0x0000000008000f48       0x7c ./Core/Src/timer.o
                0x0000000008000f48                setMilTimer
 .text.setSecTimer
                0x0000000008000fc4       0x84 ./Core/Src/timer.o
                0x0000000008000fc4                setSecTimer
 .text.getMilFlag
                0x0000000008001048       0x38 ./Core/Src/timer.o
                0x0000000008001048                getMilFlag
 .text.getSecFlag
                0x0000000008001080       0x38 ./Core/Src/timer.o
                0x0000000008001080                getSecFlag
 .text.getSecCounter
                0x00000000080010b8       0x50 ./Core/Src/timer.o
                0x00000000080010b8                getSecCounter
 .text.controlSecTimer
                0x0000000008001108       0x2c ./Core/Src/timer.o
                0x0000000008001108                controlSecTimer
 .text.HAL_TIM_PeriodElapsedCallback
                0x0000000008001134      0x100 ./Core/Src/timer.o
                0x0000000008001134                HAL_TIM_PeriodElapsedCallback
 .text.init_traffic
                0x0000000008001234       0xa4 ./Core/Src/traffic.o
                0x0000000008001234                init_traffic
 .text.traffic_display
                0x00000000080012d8      0x208 ./Core/Src/traffic.o
                0x00000000080012d8                traffic_display
 .text.clearTraffic
                0x00000000080014e0       0x20 ./Core/Src/traffic.o
                0x00000000080014e0                clearTraffic
 .text.getUpdateFlag
                0x0000000008001500       0x24 ./Core/Src/traffic.o
                0x0000000008001500                getUpdateFlag
 .text.updateNextPeriod
                0x0000000008001524       0x18 ./Core/Src/traffic.o
                0x0000000008001524                updateNextPeriod
 .text.Reset_Handler
                0x000000000800153c       0x48 ./Core/Startup/startup_stm32f103c6tx.o
                0x000000000800153c                Reset_Handler
 .text.Default_Handler
                0x0000000008001584        0x2 ./Core/Startup/startup_stm32f103c6tx.o
                0x0000000008001584                RTC_Alarm_IRQHandler
                0x0000000008001584                EXTI2_IRQHandler
                0x0000000008001584                TIM1_CC_IRQHandler
                0x0000000008001584                PVD_IRQHandler
                0x0000000008001584                EXTI3_IRQHandler
                0x0000000008001584                EXTI0_IRQHandler
                0x0000000008001584                ADC1_2_IRQHandler
                0x0000000008001584                SPI1_IRQHandler
                0x0000000008001584                TAMPER_IRQHandler
                0x0000000008001584                DMA1_Channel4_IRQHandler
                0x0000000008001584                RTC_IRQHandler
                0x0000000008001584                DMA1_Channel7_IRQHandler
                0x0000000008001584                CAN1_RX1_IRQHandler
                0x0000000008001584                I2C1_EV_IRQHandler
                0x0000000008001584                DMA1_Channel6_IRQHandler
                0x0000000008001584                TIM3_IRQHandler
                0x0000000008001584                RCC_IRQHandler
                0x0000000008001584                TIM1_TRG_COM_IRQHandler
                0x0000000008001584                DMA1_Channel1_IRQHandler
                0x0000000008001584                Default_Handler
                0x0000000008001584                EXTI15_10_IRQHandler
                0x0000000008001584                EXTI9_5_IRQHandler
                0x0000000008001584                DMA1_Channel5_IRQHandler
                0x0000000008001584                EXTI4_IRQHandler
                0x0000000008001584                USB_LP_CAN1_RX0_IRQHandler
                0x0000000008001584                USB_HP_CAN1_TX_IRQHandler
                0x0000000008001584                DMA1_Channel3_IRQHandler
                0x0000000008001584                TIM1_UP_IRQHandler
                0x0000000008001584                WWDG_IRQHandler
                0x0000000008001584                TIM1_BRK_IRQHandler
                0x0000000008001584                EXTI1_IRQHandler
                0x0000000008001584                USART2_IRQHandler
                0x0000000008001584                DMA1_Channel2_IRQHandler
                0x0000000008001584                CAN1_SCE_IRQHandler
                0x0000000008001584                FLASH_IRQHandler
                0x0000000008001584                USART1_IRQHandler
                0x0000000008001584                I2C1_ER_IRQHandler
                0x0000000008001584                USBWakeUp_IRQHandler
 *fill*         0x0000000008001586        0x2 
 .text.HAL_Init
                0x0000000008001588       0x2c ./Drivers/STM32F1xx_HAL_Driver/Src/stm32f1xx_hal.o
                0x0000000008001588                HAL_Init
 .text.HAL_InitTick
                0x00000000080015b4       0x60 ./Drivers/STM32F1xx_HAL_Driver/Src/stm32f1xx_hal.o
                0x00000000080015b4                HAL_InitTick
 .text.HAL_IncTick
                0x0000000008001614       0x24 ./Drivers/STM32F1xx_HAL_Driver/Src/stm32f1xx_hal.o
                0x0000000008001614                HAL_IncTick
 .text.HAL_GetTick
                0x0000000008001638       0x14 ./Drivers/STM32F1xx_HAL_Driver/Src/stm32f1xx_hal.o
                0x0000000008001638                HAL_GetTick
 .text.__NVIC_SetPriorityGrouping
                0x000000000800164c       0x48 ./Drivers/STM32F1xx_HAL_Driver/Src/stm32f1xx_hal_cortex.o
 .text.__NVIC_GetPriorityGrouping
                0x0000000008001694       0x1c ./Drivers/STM32F1xx_HAL_Driver/Src/stm32f1xx_hal_cortex.o
 .text.__NVIC_EnableIRQ
                0x00000000080016b0       0x38 ./Drivers/STM32F1xx_HAL_Driver/Src/stm32f1xx_hal_cortex.o
 .text.__NVIC_SetPriority
                0x00000000080016e8       0x54 ./Drivers/STM32F1xx_HAL_Driver/Src/stm32f1xx_hal_cortex.o
 .text.NVIC_EncodePriority
                0x000000000800173c       0x64 ./Drivers/STM32F1xx_HAL_Driver/Src/stm32f1xx_hal_cortex.o
 .text.SysTick_Config
                0x00000000080017a0       0x44 ./Drivers/STM32F1xx_HAL_Driver/Src/stm32f1xx_hal_cortex.o
 .text.HAL_NVIC_SetPriorityGrouping
                0x00000000080017e4       0x16 ./Drivers/STM32F1xx_HAL_Driver/Src/stm32f1xx_hal_cortex.o
                0x00000000080017e4                HAL_NVIC_SetPriorityGrouping
 .text.HAL_NVIC_SetPriority
                0x00000000080017fa       0x38 ./Drivers/STM32F1xx_HAL_Driver/Src/stm32f1xx_hal_cortex.o
                0x00000000080017fa                HAL_NVIC_SetPriority
 .text.HAL_NVIC_EnableIRQ
                0x0000000008001832       0x1c ./Drivers/STM32F1xx_HAL_Driver/Src/stm32f1xx_hal_cortex.o
                0x0000000008001832                HAL_NVIC_EnableIRQ
 .text.HAL_SYSTICK_Config
                0x000000000800184e       0x18 ./Drivers/STM32F1xx_HAL_Driver/Src/stm32f1xx_hal_cortex.o
                0x000000000800184e                HAL_SYSTICK_Config
 *fill*         0x0000000008001866        0x2 
 .text.HAL_GPIO_Init
                0x0000000008001868      0x2f4 ./Drivers/STM32F1xx_HAL_Driver/Src/stm32f1xx_hal_gpio.o
                0x0000000008001868                HAL_GPIO_Init
 .text.HAL_GPIO_ReadPin
                0x0000000008001b5c       0x2e ./Drivers/STM32F1xx_HAL_Driver/Src/stm32f1xx_hal_gpio.o
                0x0000000008001b5c                HAL_GPIO_ReadPin
 .text.HAL_GPIO_WritePin
                0x0000000008001b8a       0x30 ./Drivers/STM32F1xx_HAL_Driver/Src/stm32f1xx_hal_gpio.o
                0x0000000008001b8a                HAL_GPIO_WritePin
 .text.HAL_GPIO_TogglePin
                0x0000000008001bba       0x32 ./Drivers/STM32F1xx_HAL_Driver/Src/stm32f1xx_hal_gpio.o
                0x0000000008001bba                HAL_GPIO_TogglePin
 .text.HAL_RCC_OscConfig
                0x0000000008001bec      0x500 ./Drivers/STM32F1xx_HAL_Driver/Src/stm32f1xx_hal_rcc.o
                0x0000000008001bec                HAL_RCC_OscConfig
 .text.HAL_RCC_ClockConfig
                0x00000000080020ec      0x1d4 ./Drivers/STM32F1xx_HAL_Driver/Src/stm32f1xx_hal_rcc.o
                0x00000000080020ec                HAL_RCC_ClockConfig
 .text.HAL_RCC_GetSysClockFreq
                0x00000000080022c0       0xc0 ./Drivers/STM32F1xx_HAL_Driver/Src/stm32f1xx_hal_rcc.o
                0x00000000080022c0                HAL_RCC_GetSysClockFreq
 .text.RCC_Delay
                0x0000000008002380       0x3c ./Drivers/STM32F1xx_HAL_Driver/Src/stm32f1xx_hal_rcc.o
 .text.HAL_TIM_Base_Init
                0x00000000080023bc       0x9e ./Drivers/STM32F1xx_HAL_Driver/Src/stm32f1xx_hal_tim.o
                0x00000000080023bc                HAL_TIM_Base_Init
 *fill*         0x000000000800245a        0x2 
 .text.HAL_TIM_Base_Start_IT
                0x000000000800245c       0x98 ./Drivers/STM32F1xx_HAL_Driver/Src/stm32f1xx_hal_tim.o
                0x000000000800245c                HAL_TIM_Base_Start_IT
 .text.HAL_TIM_IRQHandler
                0x00000000080024f4      0x210 ./Drivers/STM32F1xx_HAL_Driver/Src/stm32f1xx_hal_tim.o
                0x00000000080024f4                HAL_TIM_IRQHandler
 .text.HAL_TIM_ConfigClockSource
                0x0000000008002704      0x188 ./Drivers/STM32F1xx_HAL_Driver/Src/stm32f1xx_hal_tim.o
                0x0000000008002704                HAL_TIM_ConfigClockSource
 .text.HAL_TIM_OC_DelayElapsedCallback
                0x000000000800288c       0x12 ./Drivers/STM32F1xx_HAL_Driver/Src/stm32f1xx_hal_tim.o
                0x000000000800288c                HAL_TIM_OC_DelayElapsedCallback
 .text.HAL_TIM_IC_CaptureCallback
                0x000000000800289e       0x12 ./Drivers/STM32F1xx_HAL_Driver/Src/stm32f1xx_hal_tim.o
                0x000000000800289e                HAL_TIM_IC_CaptureCallback
 .text.HAL_TIM_PWM_PulseFinishedCallback
                0x00000000080028b0       0x12 ./Drivers/STM32F1xx_HAL_Driver/Src/stm32f1xx_hal_tim.o
                0x00000000080028b0                HAL_TIM_PWM_PulseFinishedCallback
 .text.HAL_TIM_TriggerCallback
                0x00000000080028c2       0x12 ./Drivers/STM32F1xx_HAL_Driver/Src/stm32f1xx_hal_tim.o
                0x00000000080028c2                HAL_TIM_TriggerCallback
 .text.TIM_Base_SetConfig
                0x00000000080028d4       0xb0 ./Drivers/STM32F1xx_HAL_Driver/Src/stm32f1xx_hal_tim.o
                0x00000000080028d4                TIM_Base_SetConfig
 .text.TIM_TI1_ConfigInputStage
                0x0000000008002984       0x5c ./Drivers/STM32F1xx_HAL_Driver/Src/stm32f1xx_hal_tim.o
 .text.TIM_TI2_ConfigInputStage
                0x00000000080029e0       0x5e ./Drivers/STM32F1xx_HAL_Driver/Src/stm32f1xx_hal_tim.o
 .text.TIM_ITRx_SetConfig
                0x0000000008002a3e       0x34 ./Drivers/STM32F1xx_HAL_Driver/Src/stm32f1xx_hal_tim.o
 .text.TIM_ETR_SetConfig
                0x0000000008002a72       0x3e ./Drivers/STM32F1xx_HAL_Driver/Src/stm32f1xx_hal_tim.o
                0x0000000008002a72                TIM_ETR_SetConfig
 .text.HAL_TIMEx_MasterConfigSynchronization
                0x0000000008002ab0       0xb0 ./Drivers/STM32F1xx_HAL_Driver/Src/stm32f1xx_hal_tim_ex.o
                0x0000000008002ab0                HAL_TIMEx_MasterConfigSynchronization
 .text.HAL_TIMEx_CommutCallback
                0x0000000008002b60       0x12 ./Drivers/STM32F1xx_HAL_Driver/Src/stm32f1xx_hal_tim_ex.o
                0x0000000008002b60                HAL_TIMEx_CommutCallback
 .text.HAL_TIMEx_BreakCallback
                0x0000000008002b72       0x12 ./Drivers/STM32F1xx_HAL_Driver/Src/stm32f1xx_hal_tim_ex.o
                0x0000000008002b72                HAL_TIMEx_BreakCallback
 .text.__errno  0x0000000008002b84        0xc d:/stm32cubeide/stm32cubeide_1.7.0/stm32cubeide/plugins/com.st.stm32cube.ide.mcu.externaltools.gnu-tools-for-stm32.9-2020-q2-update.win32_2.0.0.202105311346/tools/bin/../lib/gcc/arm-none-eabi/9.3.1/../../../../arm-none-eabi/lib/thumb/v7-m/nofp\libc_nano.a(lib_a-errno.o)
                0x0000000008002b84                __errno
 .text.exit     0x0000000008002b90       0x28 d:/stm32cubeide/stm32cubeide_1.7.0/stm32cubeide/plugins/com.st.stm32cube.ide.mcu.externaltools.gnu-tools-for-stm32.9-2020-q2-update.win32_2.0.0.202105311346/tools/bin/../lib/gcc/arm-none-eabi/9.3.1/../../../../arm-none-eabi/lib/thumb/v7-m/nofp\libc_nano.a(lib_a-exit.o)
                0x0000000008002b90                exit
 .text.__libc_init_array
                0x0000000008002bb8       0x48 d:/stm32cubeide/stm32cubeide_1.7.0/stm32cubeide/plugins/com.st.stm32cube.ide.mcu.externaltools.gnu-tools-for-stm32.9-2020-q2-update.win32_2.0.0.202105311346/tools/bin/../lib/gcc/arm-none-eabi/9.3.1/../../../../arm-none-eabi/lib/thumb/v7-m/nofp\libc_nano.a(lib_a-init.o)
                0x0000000008002bb8                __libc_init_array
 .text.malloc   0x0000000008002c00       0x10 d:/stm32cubeide/stm32cubeide_1.7.0/stm32cubeide/plugins/com.st.stm32cube.ide.mcu.externaltools.gnu-tools-for-stm32.9-2020-q2-update.win32_2.0.0.202105311346/tools/bin/../lib/gcc/arm-none-eabi/9.3.1/../../../../arm-none-eabi/lib/thumb/v7-m/nofp\libc_nano.a(lib_a-malloc.o)
                0x0000000008002c00                malloc
 .text.memset   0x0000000008002c10       0x10 d:/stm32cubeide/stm32cubeide_1.7.0/stm32cubeide/plugins/com.st.stm32cube.ide.mcu.externaltools.gnu-tools-for-stm32.9-2020-q2-update.win32_2.0.0.202105311346/tools/bin/../lib/gcc/arm-none-eabi/9.3.1/../../../../arm-none-eabi/lib/thumb/v7-m/nofp\libc_nano.a(lib_a-memset.o)
                0x0000000008002c10                memset
 .text._malloc_r
                0x0000000008002c20       0xb4 d:/stm32cubeide/stm32cubeide_1.7.0/stm32cubeide/plugins/com.st.stm32cube.ide.mcu.externaltools.gnu-tools-for-stm32.9-2020-q2-update.win32_2.0.0.202105311346/tools/bin/../lib/gcc/arm-none-eabi/9.3.1/../../../../arm-none-eabi/lib/thumb/v7-m/nofp\libc_nano.a(lib_a-nano-mallocr.o)
                0x0000000008002c20                _malloc_r
 .text._sbrk_r  0x0000000008002cd4       0x20 d:/stm32cubeide/stm32cubeide_1.7.0/stm32cubeide/plugins/com.st.stm32cube.ide.mcu.externaltools.gnu-tools-for-stm32.9-2020-q2-update.win32_2.0.0.202105311346/tools/bin/../lib/gcc/arm-none-eabi/9.3.1/../../../../arm-none-eabi/lib/thumb/v7-m/nofp\libc_nano.a(lib_a-sbrkr.o)
                0x0000000008002cd4                _sbrk_r
 .text.__malloc_lock
                0x0000000008002cf4        0xc d:/stm32cubeide/stm32cubeide_1.7.0/stm32cubeide/plugins/com.st.stm32cube.ide.mcu.externaltools.gnu-tools-for-stm32.9-2020-q2-update.win32_2.0.0.202105311346/tools/bin/../lib/gcc/arm-none-eabi/9.3.1/../../../../arm-none-eabi/lib/thumb/v7-m/nofp\libc_nano.a(lib_a-mlock.o)
                0x0000000008002cf4                __malloc_lock
 .text.__malloc_unlock
                0x0000000008002d00        0xc d:/stm32cubeide/stm32cubeide_1.7.0/stm32cubeide/plugins/com.st.stm32cube.ide.mcu.externaltools.gnu-tools-for-stm32.9-2020-q2-update.win32_2.0.0.202105311346/tools/bin/../lib/gcc/arm-none-eabi/9.3.1/../../../../arm-none-eabi/lib/thumb/v7-m/nofp\libc_nano.a(lib_a-mlock.o)
                0x0000000008002d00                __malloc_unlock
 .text.__retarget_lock_acquire_recursive
                0x0000000008002d0c        0x2 d:/stm32cubeide/stm32cubeide_1.7.0/stm32cubeide/plugins/com.st.stm32cube.ide.mcu.externaltools.gnu-tools-for-stm32.9-2020-q2-update.win32_2.0.0.202105311346/tools/bin/../lib/gcc/arm-none-eabi/9.3.1/../../../../arm-none-eabi/lib/thumb/v7-m/nofp\libc_nano.a(lib_a-lock.o)
                0x0000000008002d0c                __retarget_lock_acquire_recursive
 .text.__retarget_lock_release_recursive
                0x0000000008002d0e        0x2 d:/stm32cubeide/stm32cubeide_1.7.0/stm32cubeide/plugins/com.st.stm32cube.ide.mcu.externaltools.gnu-tools-for-stm32.9-2020-q2-update.win32_2.0.0.202105311346/tools/bin/../lib/gcc/arm-none-eabi/9.3.1/../../../../arm-none-eabi/lib/thumb/v7-m/nofp\libc_nano.a(lib_a-lock.o)
                0x0000000008002d0e                __retarget_lock_release_recursive
 *(.glue_7)
 .glue_7        0x0000000008002d10        0x0 linker stubs
 *(.glue_7t)
 .glue_7t       0x0000000008002d10        0x0 linker stubs
 *(.eh_frame)
 .eh_frame      0x0000000008002d10        0x0 d:/stm32cubeide/stm32cubeide_1.7.0/stm32cubeide/plugins/com.st.stm32cube.ide.mcu.externaltools.gnu-tools-for-stm32.9-2020-q2-update.win32_2.0.0.202105311346/tools/bin/../lib/gcc/arm-none-eabi/9.3.1/thumb/v7-m/nofp/crtbegin.o
 *(.init)
 .init          0x0000000008002d10        0x4 d:/stm32cubeide/stm32cubeide_1.7.0/stm32cubeide/plugins/com.st.stm32cube.ide.mcu.externaltools.gnu-tools-for-stm32.9-2020-q2-update.win32_2.0.0.202105311346/tools/bin/../lib/gcc/arm-none-eabi/9.3.1/thumb/v7-m/nofp/crti.o
                0x0000000008002d10                _init
 .init          0x0000000008002d14        0x8 d:/stm32cubeide/stm32cubeide_1.7.0/stm32cubeide/plugins/com.st.stm32cube.ide.mcu.externaltools.gnu-tools-for-stm32.9-2020-q2-update.win32_2.0.0.202105311346/tools/bin/../lib/gcc/arm-none-eabi/9.3.1/thumb/v7-m/nofp/crtn.o
 *(.fini)
 .fini          0x0000000008002d1c        0x4 d:/stm32cubeide/stm32cubeide_1.7.0/stm32cubeide/plugins/com.st.stm32cube.ide.mcu.externaltools.gnu-tools-for-stm32.9-2020-q2-update.win32_2.0.0.202105311346/tools/bin/../lib/gcc/arm-none-eabi/9.3.1/thumb/v7-m/nofp/crti.o
                0x0000000008002d1c                _fini
 .fini          0x0000000008002d20        0x8 d:/stm32cubeide/stm32cubeide_1.7.0/stm32cubeide/plugins/com.st.stm32cube.ide.mcu.externaltools.gnu-tools-for-stm32.9-2020-q2-update.win32_2.0.0.202105311346/tools/bin/../lib/gcc/arm-none-eabi/9.3.1/thumb/v7-m/nofp/crtn.o
                0x0000000008002d28                . = ALIGN (0x4)
                0x0000000008002d28                _etext = .

.vfp11_veneer   0x0000000008002d28        0x0
 .vfp11_veneer  0x0000000008002d28        0x0 linker stubs

.v4_bx          0x0000000008002d28        0x0
 .v4_bx         0x0000000008002d28        0x0 linker stubs

.iplt           0x0000000008002d28        0x0
 .iplt          0x0000000008002d28        0x0 d:/stm32cubeide/stm32cubeide_1.7.0/stm32cubeide/plugins/com.st.stm32cube.ide.mcu.externaltools.gnu-tools-for-stm32.9-2020-q2-update.win32_2.0.0.202105311346/tools/bin/../lib/gcc/arm-none-eabi/9.3.1/thumb/v7-m/nofp/crtbegin.o

.rodata         0x0000000008002d28       0x4c
                0x0000000008002d28                . = ALIGN (0x4)
 *(.rodata)
 .rodata        0x0000000008002d28       0x10 ./Drivers/STM32F1xx_HAL_Driver/Src/stm32f1xx_hal_rcc.o
 *(.rodata*)
 .rodata.seg7_port
                0x0000000008002d38        0xe ./Core/Src/input_processing.o
                0x0000000008002d38                seg7_port
 *fill*         0x0000000008002d46        0x2 
 .rodata.seg7_en
                0x0000000008002d48        0x8 ./Core/Src/input_processing.o
                0x0000000008002d48                seg7_en
 .rodata.button_port
                0x0000000008002d50        0x4 ./Core/Src/input_processing.o
                0x0000000008002d50                button_port
 .rodata.traffic_port
                0x0000000008002d54        0xc ./Core/Src/input_processing.o
                0x0000000008002d54                traffic_port
 .rodata.AHBPrescTable
                0x0000000008002d60       0x10 ./Core/Src/system_stm32f1xx.o
                0x0000000008002d60                AHBPrescTable
 .rodata._global_impure_ptr
                0x0000000008002d70        0x4 d:/stm32cubeide/stm32cubeide_1.7.0/stm32cubeide/plugins/com.st.stm32cube.ide.mcu.externaltools.gnu-tools-for-stm32.9-2020-q2-update.win32_2.0.0.202105311346/tools/bin/../lib/gcc/arm-none-eabi/9.3.1/../../../../arm-none-eabi/lib/thumb/v7-m/nofp\libc_nano.a(lib_a-impure.o)
                0x0000000008002d70                _global_impure_ptr
                0x0000000008002d74                . = ALIGN (0x4)

.rel.dyn        0x0000000008002d74        0x0
 .rel.iplt      0x0000000008002d74        0x0 d:/stm32cubeide/stm32cubeide_1.7.0/stm32cubeide/plugins/com.st.stm32cube.ide.mcu.externaltools.gnu-tools-for-stm32.9-2020-q2-update.win32_2.0.0.202105311346/tools/bin/../lib/gcc/arm-none-eabi/9.3.1/thumb/v7-m/nofp/crtbegin.o

.ARM.extab      0x0000000008002d74        0x0
                0x0000000008002d74                . = ALIGN (0x4)
 *(.ARM.extab* .gnu.linkonce.armextab.*)
                0x0000000008002d74                . = ALIGN (0x4)

.ARM            0x0000000008002d74        0x0
                0x0000000008002d74                . = ALIGN (0x4)
                0x0000000008002d74                __exidx_start = .
 *(.ARM.exidx*)
                0x0000000008002d74                __exidx_end = .
                0x0000000008002d74                . = ALIGN (0x4)

.preinit_array  0x0000000008002d74        0x0
                0x0000000008002d74                . = ALIGN (0x4)
                0x0000000008002d74                PROVIDE (__preinit_array_start = .)
 *(.preinit_array*)
                0x0000000008002d74                PROVIDE (__preinit_array_end = .)
                0x0000000008002d74                . = ALIGN (0x4)

.init_array     0x0000000008002d74        0x4
                0x0000000008002d74                . = ALIGN (0x4)
                0x0000000008002d74                PROVIDE (__init_array_start = .)
 *(SORT_BY_NAME(.init_array.*))
 *(.init_array*)
 .init_array    0x0000000008002d74        0x4 d:/stm32cubeide/stm32cubeide_1.7.0/stm32cubeide/plugins/com.st.stm32cube.ide.mcu.externaltools.gnu-tools-for-stm32.9-2020-q2-update.win32_2.0.0.202105311346/tools/bin/../lib/gcc/arm-none-eabi/9.3.1/thumb/v7-m/nofp/crtbegin.o
                0x0000000008002d78                PROVIDE (__init_array_end = .)
                0x0000000008002d78                . = ALIGN (0x4)

.fini_array     0x0000000008002d78        0x4
                0x0000000008002d78                . = ALIGN (0x4)
                [!provide]                        PROVIDE (__fini_array_start = .)
 *(SORT_BY_NAME(.fini_array.*))
 *(.fini_array*)
 .fini_array    0x0000000008002d78        0x4 d:/stm32cubeide/stm32cubeide_1.7.0/stm32cubeide/plugins/com.st.stm32cube.ide.mcu.externaltools.gnu-tools-for-stm32.9-2020-q2-update.win32_2.0.0.202105311346/tools/bin/../lib/gcc/arm-none-eabi/9.3.1/thumb/v7-m/nofp/crtbegin.o
                [!provide]                        PROVIDE (__fini_array_end = .)
                0x0000000008002d7c                . = ALIGN (0x4)
                0x0000000008002d7c                _sidata = LOADADDR (.data)

.data           0x0000000020000000       0x90 load address 0x0000000008002d7c
                0x0000000020000000                . = ALIGN (0x4)
                0x0000000020000000                _sdata = .
 *(.data)
 *(.data*)
 .data.buffer_led7
                0x0000000020000000        0x4 ./Core/Src/input_processing.o
                0x0000000020000000                buffer_led7
 .data.traffic_time
                0x0000000020000004        0x6 ./Core/Src/input_processing.o
                0x0000000020000004                traffic_time
 *fill*         0x000000002000000a        0x2 
 .data.traffic_time_update
                0x000000002000000c        0x6 ./Core/Src/input_processing.o
                0x000000002000000c                traffic_time_update
 *fill*         0x0000000020000012        0x2 
 .data.seg7Hex  0x0000000020000014        0xb ./Core/Src/led7_display.o
 *fill*         0x000000002000001f        0x1 
 .data.SystemCoreClock
                0x0000000020000020        0x4 ./Core/Src/system_stm32f1xx.o
                0x0000000020000020                SystemCoreClock
 .data.uwTickPrio
                0x0000000020000024        0x4 ./Drivers/STM32F1xx_HAL_Driver/Src/stm32f1xx_hal.o
                0x0000000020000024                uwTickPrio
 .data.uwTickFreq
                0x0000000020000028        0x1 ./Drivers/STM32F1xx_HAL_Driver/Src/stm32f1xx_hal.o
                0x0000000020000028                uwTickFreq
 *fill*         0x0000000020000029        0x3 
 .data._impure_ptr
                0x000000002000002c        0x4 d:/stm32cubeide/stm32cubeide_1.7.0/stm32cubeide/plugins/com.st.stm32cube.ide.mcu.externaltools.gnu-tools-for-stm32.9-2020-q2-update.win32_2.0.0.202105311346/tools/bin/../lib/gcc/arm-none-eabi/9.3.1/../../../../arm-none-eabi/lib/thumb/v7-m/nofp\libc_nano.a(lib_a-impure.o)
                0x000000002000002c                _impure_ptr
 .data.impure_data
                0x0000000020000030       0x60 d:/stm32cubeide/stm32cubeide_1.7.0/stm32cubeide/plugins/com.st.stm32cube.ide.mcu.externaltools.gnu-tools-for-stm32.9-2020-q2-update.win32_2.0.0.202105311346/tools/bin/../lib/gcc/arm-none-eabi/9.3.1/../../../../arm-none-eabi/lib/thumb/v7-m/nofp\libc_nano.a(lib_a-impure.o)
 *(.RamFunc)
 *(.RamFunc*)
                0x0000000020000090                . = ALIGN (0x4)
                0x0000000020000090                _edata = .

.igot.plt       0x0000000020000090        0x0 load address 0x0000000008002e0c
 .igot.plt      0x0000000020000090        0x0 d:/stm32cubeide/stm32cubeide_1.7.0/stm32cubeide/plugins/com.st.stm32cube.ide.mcu.externaltools.gnu-tools-for-stm32.9-2020-q2-update.win32_2.0.0.202105311346/tools/bin/../lib/gcc/arm-none-eabi/9.3.1/thumb/v7-m/nofp/crtbegin.o
                0x0000000020000090                . = ALIGN (0x4)

.bss            0x0000000020000090       0xec load address 0x0000000008002e0c
                0x0000000020000090                _sbss = .
                0x0000000020000090                __bss_start__ = _sbss
 *(.bss)
 .bss           0x0000000020000090       0x1c d:/stm32cubeide/stm32cubeide_1.7.0/stm32cubeide/plugins/com.st.stm32cube.ide.mcu.externaltools.gnu-tools-for-stm32.9-2020-q2-update.win32_2.0.0.202105311346/tools/bin/../lib/gcc/arm-none-eabi/9.3.1/thumb/v7-m/nofp/crtbegin.o
 *(.bss*)
 .bss.trafficMode
                0x00000000200000ac        0x1 ./Core/Src/input_processing.o
                0x00000000200000ac                trafficMode
 .bss.updateFlag.6737
                0x00000000200000ad        0x1 ./Core/Src/input_processing.o
 .bss.index.6760
                0x00000000200000ae        0x1 ./Core/Src/input_processing.o
 *fill*         0x00000000200000af        0x1 
 .bss.buttonBuffer
                0x00000000200000b0        0x4 ./Core/Src/input_reading.o
 .bss.debounceButtonBuffer1
                0x00000000200000b4        0x4 ./Core/Src/input_reading.o
 .bss.debounceButtonBuffer2
                0x00000000200000b8        0x4 ./Core/Src/input_reading.o
 .bss.NO_OF_LED7
                0x00000000200000bc        0x4 ./Core/Src/led7_display.o
 .bss.seg7Port  0x00000000200000c0        0x4 ./Core/Src/led7_display.o
 .bss.seg7En    0x00000000200000c4        0x4 ./Core/Src/led7_display.o
 .bss.seg7Val   0x00000000200000c8        0x4 ./Core/Src/led7_display.o
 .bss.allseg    0x00000000200000cc        0x2 ./Core/Src/led7_display.o
 *fill*         0x00000000200000ce        0x2 
 .bss.__sbrk_heap_end
                0x00000000200000d0        0x4 ./Core/Src/sysmem.o
 .bss.TIMER_CYCLE
                0x00000000200000d4        0x4 ./Core/Src/timer.o
 .bss.NO_OF_MIL_TIMERS
                0x00000000200000d8        0x4 ./Core/Src/timer.o
 .bss.NO_OF_SEC_TIMERS
                0x00000000200000dc        0x4 ./Core/Src/timer.o
 .bss.timer_mil_counter
                0x00000000200000e0        0x4 ./Core/Src/timer.o
 .bss.timer_sec_counter
                0x00000000200000e4        0x4 ./Core/Src/timer.o
 .bss.timer_mil_flag
                0x00000000200000e8        0x4 ./Core/Src/timer.o
 .bss.timer_sec_flag
                0x00000000200000ec        0x4 ./Core/Src/timer.o
 .bss.timer_mil_stop
                0x00000000200000f0        0x4 ./Core/Src/timer.o
 .bss.timer_sec_stop
                0x00000000200000f4        0x4 ./Core/Src/timer.o
 .bss.ver_state
                0x00000000200000f8        0x1 ./Core/Src/traffic.o
 .bss.hor_state
                0x00000000200000f9        0x1 ./Core/Src/traffic.o
 *fill*         0x00000000200000fa        0x2 
 .bss.lightPort
                0x00000000200000fc        0x4 ./Core/Src/traffic.o
 .bss.lightTime
                0x0000000020000100        0x4 ./Core/Src/traffic.o
 .bss.lightTimeUpdate
                0x0000000020000104        0x4 ./Core/Src/traffic.o
 .bss.allpin    0x0000000020000108        0x2 ./Core/Src/traffic.o
 .bss.isUpdate  0x000000002000010a        0x1 ./Core/Src/traffic.o
 *fill*         0x000000002000010b        0x1 
 .bss.__malloc_free_list
                0x000000002000010c        0x4 d:/stm32cubeide/stm32cubeide_1.7.0/stm32cubeide/plugins/com.st.stm32cube.ide.mcu.externaltools.gnu-tools-for-stm32.9-2020-q2-update.win32_2.0.0.202105311346/tools/bin/../lib/gcc/arm-none-eabi/9.3.1/../../../../arm-none-eabi/lib/thumb/v7-m/nofp\libc_nano.a(lib_a-nano-mallocr.o)
                0x000000002000010c                __malloc_free_list
 .bss.__malloc_sbrk_start
                0x0000000020000110        0x4 d:/stm32cubeide/stm32cubeide_1.7.0/stm32cubeide/plugins/com.st.stm32cube.ide.mcu.externaltools.gnu-tools-for-stm32.9-2020-q2-update.win32_2.0.0.202105311346/tools/bin/../lib/gcc/arm-none-eabi/9.3.1/../../../../arm-none-eabi/lib/thumb/v7-m/nofp\libc_nano.a(lib_a-nano-mallocr.o)
                0x0000000020000110                __malloc_sbrk_start
 *(COMMON)
 COMMON         0x0000000020000114        0x4 ./Core/Src/input_processing.o
                0x0000000020000114                buttonState
 COMMON         0x0000000020000118        0x8 ./Core/Src/input_reading.o
                0x0000000020000118                NO_OF_BUTTONS
                0x000000002000011c                buttonPort
 COMMON         0x0000000020000120       0x48 ./Core/Src/main.o
                0x0000000020000120                htim2
 COMMON         0x0000000020000168        0x4 ./Drivers/STM32F1xx_HAL_Driver/Src/stm32f1xx_hal.o
                0x0000000020000168                uwTick
 COMMON         0x000000002000016c        0x4 d:/stm32cubeide/stm32cubeide_1.7.0/stm32cubeide/plugins/com.st.stm32cube.ide.mcu.externaltools.gnu-tools-for-stm32.9-2020-q2-update.win32_2.0.0.202105311346/tools/bin/../lib/gcc/arm-none-eabi/9.3.1/../../../../arm-none-eabi/lib/thumb/v7-m/nofp\libc_nano.a(lib_a-reent.o)
                0x000000002000016c                errno
 COMMON         0x0000000020000170        0x9 d:/stm32cubeide/stm32cubeide_1.7.0/stm32cubeide/plugins/com.st.stm32cube.ide.mcu.externaltools.gnu-tools-for-stm32.9-2020-q2-update.win32_2.0.0.202105311346/tools/bin/../lib/gcc/arm-none-eabi/9.3.1/../../../../arm-none-eabi/lib/thumb/v7-m/nofp\libc_nano.a(lib_a-lock.o)
                0x0000000020000170                __lock___atexit_recursive_mutex
                0x0000000020000171                __lock___arc4random_mutex
                0x0000000020000172                __lock___env_recursive_mutex
                0x0000000020000173                __lock___sinit_recursive_mutex
                0x0000000020000174                __lock___malloc_recursive_mutex
                0x0000000020000175                __lock___at_quick_exit_mutex
                0x0000000020000176                __lock___dd_hash_mutex
                0x0000000020000177                __lock___tz_mutex
                0x0000000020000178                __lock___sfp_recursive_mutex
                0x000000002000017c                . = ALIGN (0x4)
 *fill*         0x0000000020000179        0x3 
                0x000000002000017c                _ebss = .
                0x000000002000017c                __bss_end__ = _ebss

._user_heap_stack
                0x000000002000017c      0x604 load address 0x0000000008002e0c
                0x0000000020000180                . = ALIGN (0x8)
 *fill*         0x000000002000017c        0x4 
                [!provide]                        PROVIDE (end = .)
                0x0000000020000180                PROVIDE (_end = .)
                0x0000000020000380                . = (. + _Min_Heap_Size)
 *fill*         0x0000000020000180      0x200 
                0x0000000020000780                . = (. + _Min_Stack_Size)
 *fill*         0x0000000020000380      0x400 
                0x0000000020000780                . = ALIGN (0x8)

/DISCARD/
 libc.a(*)
 libm.a(*)
 libgcc.a(*)

.ARM.attributes
                0x0000000000000000       0x29
 *(.ARM.attributes)
 .ARM.attributes
                0x0000000000000000       0x1d d:/stm32cubeide/stm32cubeide_1.7.0/stm32cubeide/plugins/com.st.stm32cube.ide.mcu.externaltools.gnu-tools-for-stm32.9-2020-q2-update.win32_2.0.0.202105311346/tools/bin/../lib/gcc/arm-none-eabi/9.3.1/thumb/v7-m/nofp/crti.o
 .ARM.attributes
                0x000000000000001d       0x2d d:/stm32cubeide/stm32cubeide_1.7.0/stm32cubeide/plugins/com.st.stm32cube.ide.mcu.externaltools.gnu-tools-for-stm32.9-2020-q2-update.win32_2.0.0.202105311346/tools/bin/../lib/gcc/arm-none-eabi/9.3.1/thumb/v7-m/nofp/crtbegin.o
 .ARM.attributes
                0x000000000000004a       0x2d ./Core/Src/functionality.o
 .ARM.attributes
                0x0000000000000077       0x2d ./Core/Src/input_processing.o
 .ARM.attributes
                0x00000000000000a4       0x2d ./Core/Src/input_reading.o
 .ARM.attributes
                0x00000000000000d1       0x2d ./Core/Src/led7_display.o
 .ARM.attributes
                0x00000000000000fe       0x2d ./Core/Src/main.o
 .ARM.attributes
                0x000000000000012b       0x2d ./Core/Src/stm32f1xx_hal_msp.o
 .ARM.attributes
                0x0000000000000158       0x2d ./Core/Src/stm32f1xx_it.o
 .ARM.attributes
                0x0000000000000185       0x2d ./Core/Src/syscalls.o
 .ARM.attributes
                0x00000000000001b2       0x2d ./Core/Src/sysmem.o
 .ARM.attributes
                0x00000000000001df       0x2d ./Core/Src/system_stm32f1xx.o
 .ARM.attributes
                0x000000000000020c       0x2d ./Core/Src/timer.o
 .ARM.attributes
                0x0000000000000239       0x2d ./Core/Src/traffic.o
 .ARM.attributes
                0x0000000000000266       0x21 ./Core/Startup/startup_stm32f103c6tx.o
 .ARM.attributes
                0x0000000000000287       0x2d ./Drivers/STM32F1xx_HAL_Driver/Src/stm32f1xx_hal.o
 .ARM.attributes
                0x00000000000002b4       0x2d ./Drivers/STM32F1xx_HAL_Driver/Src/stm32f1xx_hal_cortex.o
 .ARM.attributes
                0x00000000000002e1       0x2d ./Drivers/STM32F1xx_HAL_Driver/Src/stm32f1xx_hal_gpio.o
 .ARM.attributes
                0x000000000000030e       0x2d ./Drivers/STM32F1xx_HAL_Driver/Src/stm32f1xx_hal_rcc.o
 .ARM.attributes
                0x000000000000033b       0x2d ./Drivers/STM32F1xx_HAL_Driver/Src/stm32f1xx_hal_tim.o
 .ARM.attributes
                0x0000000000000368       0x2d ./Drivers/STM32F1xx_HAL_Driver/Src/stm32f1xx_hal_tim_ex.o
 .ARM.attributes
                0x0000000000000395       0x2d d:/stm32cubeide/stm32cubeide_1.7.0/stm32cubeide/plugins/com.st.stm32cube.ide.mcu.externaltools.gnu-tools-for-stm32.9-2020-q2-update.win32_2.0.0.202105311346/tools/bin/../lib/gcc/arm-none-eabi/9.3.1/../../../../arm-none-eabi/lib/thumb/v7-m/nofp\libc_nano.a(lib_a-errno.o)
 .ARM.attributes
                0x00000000000003c2       0x2d d:/stm32cubeide/stm32cubeide_1.7.0/stm32cubeide/plugins/com.st.stm32cube.ide.mcu.externaltools.gnu-tools-for-stm32.9-2020-q2-update.win32_2.0.0.202105311346/tools/bin/../lib/gcc/arm-none-eabi/9.3.1/../../../../arm-none-eabi/lib/thumb/v7-m/nofp\libc_nano.a(lib_a-exit.o)
 .ARM.attributes
                0x00000000000003ef       0x2d d:/stm32cubeide/stm32cubeide_1.7.0/stm32cubeide/plugins/com.st.stm32cube.ide.mcu.externaltools.gnu-tools-for-stm32.9-2020-q2-update.win32_2.0.0.202105311346/tools/bin/../lib/gcc/arm-none-eabi/9.3.1/../../../../arm-none-eabi/lib/thumb/v7-m/nofp\libc_nano.a(lib_a-impure.o)
 .ARM.attributes
                0x000000000000041c       0x2d d:/stm32cubeide/stm32cubeide_1.7.0/stm32cubeide/plugins/com.st.stm32cube.ide.mcu.externaltools.gnu-tools-for-stm32.9-2020-q2-update.win32_2.0.0.202105311346/tools/bin/../lib/gcc/arm-none-eabi/9.3.1/../../../../arm-none-eabi/lib/thumb/v7-m/nofp\libc_nano.a(lib_a-init.o)
 .ARM.attributes
                0x0000000000000449       0x2d d:/stm32cubeide/stm32cubeide_1.7.0/stm32cubeide/plugins/com.st.stm32cube.ide.mcu.externaltools.gnu-tools-for-stm32.9-2020-q2-update.win32_2.0.0.202105311346/tools/bin/../lib/gcc/arm-none-eabi/9.3.1/../../../../arm-none-eabi/lib/thumb/v7-m/nofp\libc_nano.a(lib_a-malloc.o)
 .ARM.attributes
                0x0000000000000476       0x2d d:/stm32cubeide/stm32cubeide_1.7.0/stm32cubeide/plugins/com.st.stm32cube.ide.mcu.externaltools.gnu-tools-for-stm32.9-2020-q2-update.win32_2.0.0.202105311346/tools/bin/../lib/gcc/arm-none-eabi/9.3.1/../../../../arm-none-eabi/lib/thumb/v7-m/nofp\libc_nano.a(lib_a-memset.o)
 .ARM.attributes
                0x00000000000004a3       0x2d d:/stm32cubeide/stm32cubeide_1.7.0/stm32cubeide/plugins/com.st.stm32cube.ide.mcu.externaltools.gnu-tools-for-stm32.9-2020-q2-update.win32_2.0.0.202105311346/tools/bin/../lib/gcc/arm-none-eabi/9.3.1/../../../../arm-none-eabi/lib/thumb/v7-m/nofp\libc_nano.a(lib_a-nano-mallocr.o)
 .ARM.attributes
                0x00000000000004d0       0x2d d:/stm32cubeide/stm32cubeide_1.7.0/stm32cubeide/plugins/com.st.stm32cube.ide.mcu.externaltools.gnu-tools-for-stm32.9-2020-q2-update.win32_2.0.0.202105311346/tools/bin/../lib/gcc/arm-none-eabi/9.3.1/../../../../arm-none-eabi/lib/thumb/v7-m/nofp\libc_nano.a(lib_a-sbrkr.o)
 .ARM.attributes
                0x00000000000004fd       0x2d d:/stm32cubeide/stm32cubeide_1.7.0/stm32cubeide/plugins/com.st.stm32cube.ide.mcu.externaltools.gnu-tools-for-stm32.9-2020-q2-update.win32_2.0.0.202105311346/tools/bin/../lib/gcc/arm-none-eabi/9.3.1/../../../../arm-none-eabi/lib/thumb/v7-m/nofp\libc_nano.a(lib_a-mlock.o)
 .ARM.attributes
                0x000000000000052a       0x2d d:/stm32cubeide/stm32cubeide_1.7.0/stm32cubeide/plugins/com.st.stm32cube.ide.mcu.externaltools.gnu-tools-for-stm32.9-2020-q2-update.win32_2.0.0.202105311346/tools/bin/../lib/gcc/arm-none-eabi/9.3.1/../../../../arm-none-eabi/lib/thumb/v7-m/nofp\libc_nano.a(lib_a-reent.o)
 .ARM.attributes
                0x0000000000000557       0x2d d:/stm32cubeide/stm32cubeide_1.7.0/stm32cubeide/plugins/com.st.stm32cube.ide.mcu.externaltools.gnu-tools-for-stm32.9-2020-q2-update.win32_2.0.0.202105311346/tools/bin/../lib/gcc/arm-none-eabi/9.3.1/../../../../arm-none-eabi/lib/thumb/v7-m/nofp\libc_nano.a(lib_a-lock.o)
 .ARM.attributes
                0x0000000000000584       0x1d d:/stm32cubeide/stm32cubeide_1.7.0/stm32cubeide/plugins/com.st.stm32cube.ide.mcu.externaltools.gnu-tools-for-stm32.9-2020-q2-update.win32_2.0.0.202105311346/tools/bin/../lib/gcc/arm-none-eabi/9.3.1/thumb/v7-m/nofp/crtn.o
OUTPUT(chapter3OOP.elf elf32-littlearm)
LOAD linker stubs
LOAD d:/stm32cubeide/stm32cubeide_1.7.0/stm32cubeide/plugins/com.st.stm32cube.ide.mcu.externaltools.gnu-tools-for-stm32.9-2020-q2-update.win32_2.0.0.202105311346/tools/bin/../lib/gcc/arm-none-eabi/9.3.1/../../../../arm-none-eabi/lib/thumb/v7-m/nofp\libc.a
LOAD d:/stm32cubeide/stm32cubeide_1.7.0/stm32cubeide/plugins/com.st.stm32cube.ide.mcu.externaltools.gnu-tools-for-stm32.9-2020-q2-update.win32_2.0.0.202105311346/tools/bin/../lib/gcc/arm-none-eabi/9.3.1/../../../../arm-none-eabi/lib/thumb/v7-m/nofp\libm.a
LOAD d:/stm32cubeide/stm32cubeide_1.7.0/stm32cubeide/plugins/com.st.stm32cube.ide.mcu.externaltools.gnu-tools-for-stm32.9-2020-q2-update.win32_2.0.0.202105311346/tools/bin/../lib/gcc/arm-none-eabi/9.3.1/thumb/v7-m/nofp\libgcc.a

.debug_info     0x0000000000000000     0xf1e0
 .debug_info    0x0000000000000000      0x1de ./Core/Src/functionality.o
 .debug_info    0x00000000000001de     0x143b ./Core/Src/input_processing.o
 .debug_info    0x0000000000001619      0xbf2 ./Core/Src/input_reading.o
 .debug_info    0x000000000000220b      0xc1d ./Core/Src/led7_display.o
 .debug_info    0x0000000000002e28     0x1414 ./Core/Src/main.o
 .debug_info    0x000000000000423c      0xa04 ./Core/Src/stm32f1xx_hal_msp.o
 .debug_info    0x0000000000004c40      0x7b4 ./Core/Src/stm32f1xx_it.o
 .debug_info    0x00000000000053f4      0xfa8 ./Core/Src/syscalls.o
 .debug_info    0x000000000000639c      0xa25 ./Core/Src/sysmem.o
 .debug_info    0x0000000000006dc1      0x2be ./Core/Src/system_stm32f1xx.o
 .debug_info    0x000000000000707f     0x1315 ./Core/Src/timer.o
 .debug_info    0x0000000000008394      0xc77 ./Core/Src/traffic.o
 .debug_info    0x000000000000900b       0x22 ./Core/Startup/startup_stm32f103c6tx.o
 .debug_info    0x000000000000902d      0x74c ./Drivers/STM32F1xx_HAL_Driver/Src/stm32f1xx_hal.o
 .debug_info    0x0000000000009779      0xbbe ./Drivers/STM32F1xx_HAL_Driver/Src/stm32f1xx_hal_cortex.o
 .debug_info    0x000000000000a337      0x701 ./Drivers/STM32F1xx_HAL_Driver/Src/stm32f1xx_hal_gpio.o
 .debug_info    0x000000000000aa38      0x88e ./Drivers/STM32F1xx_HAL_Driver/Src/stm32f1xx_hal_rcc.o
 .debug_info    0x000000000000b2c6     0x2a45 ./Drivers/STM32F1xx_HAL_Driver/Src/stm32f1xx_hal_tim.o
 .debug_info    0x000000000000dd0b     0x14d5 ./Drivers/STM32F1xx_HAL_Driver/Src/stm32f1xx_hal_tim_ex.o

.debug_abbrev   0x0000000000000000     0x267e
 .debug_abbrev  0x0000000000000000       0xff ./Core/Src/functionality.o
 .debug_abbrev  0x00000000000000ff      0x294 ./Core/Src/input_processing.o
 .debug_abbrev  0x0000000000000393      0x24f ./Core/Src/input_reading.o
 .debug_abbrev  0x00000000000005e2      0x23a ./Core/Src/led7_display.o
 .debug_abbrev  0x000000000000081c      0x2b2 ./Core/Src/main.o
 .debug_abbrev  0x0000000000000ace      0x1b7 ./Core/Src/stm32f1xx_hal_msp.o
 .debug_abbrev  0x0000000000000c85      0x176 ./Core/Src/stm32f1xx_it.o
 .debug_abbrev  0x0000000000000dfb      0x286 ./Core/Src/syscalls.o
 .debug_abbrev  0x0000000000001081      0x1bf ./Core/Src/sysmem.o
 .debug_abbrev  0x0000000000001240      0x14e ./Core/Src/system_stm32f1xx.o
 .debug_abbrev  0x000000000000138e      0x287 ./Core/Src/timer.o
 .debug_abbrev  0x0000000000001615      0x238 ./Core/Src/traffic.o
 .debug_abbrev  0x000000000000184d       0x12 ./Core/Startup/startup_stm32f103c6tx.o
 .debug_abbrev  0x000000000000185f      0x1ed ./Drivers/STM32F1xx_HAL_Driver/Src/stm32f1xx_hal.o
 .debug_abbrev  0x0000000000001a4c      0x313 ./Drivers/STM32F1xx_HAL_Driver/Src/stm32f1xx_hal_cortex.o
 .debug_abbrev  0x0000000000001d5f      0x1e8 ./Drivers/STM32F1xx_HAL_Driver/Src/stm32f1xx_hal_gpio.o
 .debug_abbrev  0x0000000000001f47      0x273 ./Drivers/STM32F1xx_HAL_Driver/Src/stm32f1xx_hal_rcc.o
 .debug_abbrev  0x00000000000021ba      0x25e ./Drivers/STM32F1xx_HAL_Driver/Src/stm32f1xx_hal_tim.o
 .debug_abbrev  0x0000000000002418      0x266 ./Drivers/STM32F1xx_HAL_Driver/Src/stm32f1xx_hal_tim_ex.o

.debug_aranges  0x0000000000000000      0xb80
 .debug_aranges
                0x0000000000000000       0x20 ./Core/Src/functionality.o
 .debug_aranges
                0x0000000000000020       0x60 ./Core/Src/input_processing.o
 .debug_aranges
                0x0000000000000080       0x30 ./Core/Src/input_reading.o
 .debug_aranges
                0x00000000000000b0       0x28 ./Core/Src/led7_display.o
 .debug_aranges
                0x00000000000000d8       0x40 ./Core/Src/main.o
 .debug_aranges
                0x0000000000000118       0x30 ./Core/Src/stm32f1xx_hal_msp.o
 .debug_aranges
                0x0000000000000148       0x68 ./Core/Src/stm32f1xx_it.o
 .debug_aranges
                0x00000000000001b0       0xa8 ./Core/Src/syscalls.o
 .debug_aranges
                0x0000000000000258       0x20 ./Core/Src/sysmem.o
 .debug_aranges
                0x0000000000000278       0x28 ./Core/Src/system_stm32f1xx.o
 .debug_aranges
                0x00000000000002a0       0x78 ./Core/Src/timer.o
 .debug_aranges
                0x0000000000000318       0x40 ./Core/Src/traffic.o
 .debug_aranges
                0x0000000000000358       0x28 ./Core/Startup/startup_stm32f103c6tx.o
 .debug_aranges
                0x0000000000000380       0xe0 ./Drivers/STM32F1xx_HAL_Driver/Src/stm32f1xx_hal.o
 .debug_aranges
                0x0000000000000460      0x100 ./Drivers/STM32F1xx_HAL_Driver/Src/stm32f1xx_hal_cortex.o
 .debug_aranges
                0x0000000000000560       0x58 ./Drivers/STM32F1xx_HAL_Driver/Src/stm32f1xx_hal_gpio.o
 .debug_aranges
                0x00000000000005b8       0x90 ./Drivers/STM32F1xx_HAL_Driver/Src/stm32f1xx_hal_rcc.o
 .debug_aranges
                0x0000000000000648      0x3d0 ./Drivers/STM32F1xx_HAL_Driver/Src/stm32f1xx_hal_tim.o
 .debug_aranges
                0x0000000000000a18      0x168 ./Drivers/STM32F1xx_HAL_Driver/Src/stm32f1xx_hal_tim_ex.o

.debug_ranges   0x0000000000000000      0xa58
 .debug_ranges  0x0000000000000000       0x10 ./Core/Src/functionality.o
 .debug_ranges  0x0000000000000010       0x50 ./Core/Src/input_processing.o
 .debug_ranges  0x0000000000000060       0x20 ./Core/Src/input_reading.o
 .debug_ranges  0x0000000000000080       0x18 ./Core/Src/led7_display.o
 .debug_ranges  0x0000000000000098       0x30 ./Core/Src/main.o
 .debug_ranges  0x00000000000000c8       0x20 ./Core/Src/stm32f1xx_hal_msp.o
 .debug_ranges  0x00000000000000e8       0x58 ./Core/Src/stm32f1xx_it.o
 .debug_ranges  0x0000000000000140       0x98 ./Core/Src/syscalls.o
 .debug_ranges  0x00000000000001d8       0x10 ./Core/Src/sysmem.o
 .debug_ranges  0x00000000000001e8       0x18 ./Core/Src/system_stm32f1xx.o
 .debug_ranges  0x0000000000000200       0x68 ./Core/Src/timer.o
 .debug_ranges  0x0000000000000268       0x30 ./Core/Src/traffic.o
 .debug_ranges  0x0000000000000298       0x20 ./Core/Startup/startup_stm32f103c6tx.o
 .debug_ranges  0x00000000000002b8       0xd0 ./Drivers/STM32F1xx_HAL_Driver/Src/stm32f1xx_hal.o
 .debug_ranges  0x0000000000000388       0xf0 ./Drivers/STM32F1xx_HAL_Driver/Src/stm32f1xx_hal_cortex.o
 .debug_ranges  0x0000000000000478       0x48 ./Drivers/STM32F1xx_HAL_Driver/Src/stm32f1xx_hal_gpio.o
 .debug_ranges  0x00000000000004c0       0x80 ./Drivers/STM32F1xx_HAL_Driver/Src/stm32f1xx_hal_rcc.o
 .debug_ranges  0x0000000000000540      0x3c0 ./Drivers/STM32F1xx_HAL_Driver/Src/stm32f1xx_hal_tim.o
 .debug_ranges  0x0000000000000900      0x158 ./Drivers/STM32F1xx_HAL_Driver/Src/stm32f1xx_hal_tim_ex.o

.debug_macro    0x0000000000000000    0x18d79
 .debug_macro   0x0000000000000000      0x1b1 ./Core/Src/functionality.o
 .debug_macro   0x00000000000001b1      0xa9c ./Core/Src/functionality.o
 .debug_macro   0x0000000000000c4d      0x215 ./Core/Src/functionality.o
 .debug_macro   0x0000000000000e62       0x2e ./Core/Src/functionality.o
 .debug_macro   0x0000000000000e90       0x22 ./Core/Src/functionality.o
 .debug_macro   0x0000000000000eb2       0x22 ./Core/Src/functionality.o
 .debug_macro   0x0000000000000ed4       0x8e ./Core/Src/functionality.o
 .debug_macro   0x0000000000000f62       0x51 ./Core/Src/functionality.o
 .debug_macro   0x0000000000000fb3      0x103 ./Core/Src/functionality.o
 .debug_macro   0x00000000000010b6       0x6a ./Core/Src/functionality.o
 .debug_macro   0x0000000000001120      0x1df ./Core/Src/functionality.o
 .debug_macro   0x00000000000012ff       0x1c ./Core/Src/functionality.o
 .debug_macro   0x000000000000131b       0x22 ./Core/Src/functionality.o
 .debug_macro   0x000000000000133d       0xc3 ./Core/Src/functionality.o
 .debug_macro   0x0000000000001400      0xd23 ./Core/Src/functionality.o
 .debug_macro   0x0000000000002123     0xde75 ./Core/Src/functionality.o
 .debug_macro   0x000000000000ff98       0x6d ./Core/Src/functionality.o
 .debug_macro   0x0000000000010005     0x3468 ./Core/Src/functionality.o
 .debug_macro   0x000000000001346d      0x174 ./Core/Src/functionality.o
 .debug_macro   0x00000000000135e1       0x5c ./Core/Src/functionality.o
 .debug_macro   0x000000000001363d      0x5be ./Core/Src/functionality.o
 .debug_macro   0x0000000000013bfb      0x1b7 ./Core/Src/functionality.o
 .debug_macro   0x0000000000013db2      0x1cb ./Core/Src/functionality.o
 .debug_macro   0x0000000000013f7d      0x114 ./Core/Src/functionality.o
 .debug_macro   0x0000000000014091      0x1b2 ./Core/Src/functionality.o
 .debug_macro   0x0000000000014243       0x27 ./Core/Src/functionality.o
 .debug_macro   0x000000000001426a      0x12f ./Core/Src/functionality.o
 .debug_macro   0x0000000000014399      0x1bc ./Core/Src/functionality.o
 .debug_macro   0x0000000000014555       0x34 ./Core/Src/functionality.o
 .debug_macro   0x0000000000014589       0x3c ./Core/Src/functionality.o
 .debug_macro   0x00000000000145c5       0x57 ./Core/Src/functionality.o
 .debug_macro   0x000000000001461c       0x88 ./Core/Src/functionality.o
 .debug_macro   0x00000000000146a4      0x183 ./Core/Src/functionality.o
 .debug_macro   0x0000000000014827      0x141 ./Core/Src/functionality.o
 .debug_macro   0x0000000000014968      0x8d1 ./Core/Src/functionality.o
 .debug_macro   0x0000000000015239       0x69 ./Core/Src/functionality.o
 .debug_macro   0x00000000000152a2       0xa6 ./Core/Src/functionality.o
 .debug_macro   0x0000000000015348      0x2c1 ./Core/Src/input_processing.o
 .debug_macro   0x0000000000015609       0x18 ./Core/Src/input_processing.o
 .debug_macro   0x0000000000015621       0x52 ./Core/Src/input_processing.o
 .debug_macro   0x0000000000015673       0x3c ./Core/Src/input_processing.o
 .debug_macro   0x00000000000156af       0x34 ./Core/Src/input_processing.o
 .debug_macro   0x00000000000156e3       0x16 ./Core/Src/input_processing.o
 .debug_macro   0x00000000000156f9       0x35 ./Core/Src/input_processing.o
 .debug_macro   0x000000000001572e       0x16 ./Core/Src/input_processing.o
 .debug_macro   0x0000000000015744       0x43 ./Core/Src/input_processing.o
 .debug_macro   0x0000000000015787       0x34 ./Core/Src/input_processing.o
 .debug_macro   0x00000000000157bb       0x10 ./Core/Src/input_processing.o
 .debug_macro   0x00000000000157cb       0x58 ./Core/Src/input_processing.o
 .debug_macro   0x0000000000015823       0x71 ./Core/Src/input_processing.o
 .debug_macro   0x0000000000015894       0x1c ./Core/Src/input_processing.o
 .debug_macro   0x00000000000158b0      0x12a ./Core/Src/input_processing.o
 .debug_macro   0x00000000000159da      0x333 ./Core/Src/input_processing.o
 .debug_macro   0x0000000000015d0d       0x16 ./Core/Src/input_processing.o
 .debug_macro   0x0000000000015d23       0x29 ./Core/Src/input_processing.o
 .debug_macro   0x0000000000015d4c      0x289 ./Core/Src/input_reading.o
 .debug_macro   0x0000000000015fd5      0x295 ./Core/Src/led7_display.o
 .debug_macro   0x000000000001626a      0x2b9 ./Core/Src/main.o
 .debug_macro   0x0000000000016523      0x1a7 ./Core/Src/stm32f1xx_hal_msp.o
 .debug_macro   0x00000000000166ca      0x1b1 ./Core/Src/stm32f1xx_it.o
 .debug_macro   0x000000000001687b      0x24c ./Core/Src/syscalls.o
 .debug_macro   0x0000000000016ac7       0x4c ./Core/Src/syscalls.o
 .debug_macro   0x0000000000016b13       0x94 ./Core/Src/syscalls.o
 .debug_macro   0x0000000000016ba7       0x57 ./Core/Src/syscalls.o
 .debug_macro   0x0000000000016bfe      0x339 ./Core/Src/syscalls.o
 .debug_macro   0x0000000000016f37       0x10 ./Core/Src/syscalls.o
 .debug_macro   0x0000000000016f47       0x10 ./Core/Src/syscalls.o
 .debug_macro   0x0000000000016f57       0x10 ./Core/Src/syscalls.o
 .debug_macro   0x0000000000016f67       0x10 ./Core/Src/syscalls.o
 .debug_macro   0x0000000000016f77       0x1c ./Core/Src/syscalls.o
 .debug_macro   0x0000000000016f93       0x52 ./Core/Src/syscalls.o
 .debug_macro   0x0000000000016fe5       0x22 ./Core/Src/syscalls.o
 .debug_macro   0x0000000000017007       0x10 ./Core/Src/syscalls.o
 .debug_macro   0x0000000000017017       0x40 ./Core/Src/syscalls.o
 .debug_macro   0x0000000000017057       0xd5 ./Core/Src/syscalls.o
 .debug_macro   0x000000000001712c       0x1c ./Core/Src/syscalls.o
 .debug_macro   0x0000000000017148       0x3d ./Core/Src/syscalls.o
 .debug_macro   0x0000000000017185       0x35 ./Core/Src/syscalls.o
 .debug_macro   0x00000000000171ba      0x12c ./Core/Src/syscalls.o
 .debug_macro   0x00000000000172e6       0x10 ./Core/Src/syscalls.o
 .debug_macro   0x00000000000172f6      0x241 ./Core/Src/syscalls.o
 .debug_macro   0x0000000000017537       0x1c ./Core/Src/syscalls.o
 .debug_macro   0x0000000000017553       0x10 ./Core/Src/syscalls.o
 .debug_macro   0x0000000000017563       0x10 ./Core/Src/syscalls.o
 .debug_macro   0x0000000000017573       0x16 ./Core/Src/syscalls.o
 .debug_macro   0x0000000000017589      0x145 ./Core/Src/syscalls.o
 .debug_macro   0x00000000000176ce      0x189 ./Core/Src/syscalls.o
 .debug_macro   0x0000000000017857       0x16 ./Core/Src/syscalls.o
 .debug_macro   0x000000000001786d       0xce ./Core/Src/syscalls.o
 .debug_macro   0x000000000001793b       0xff ./Core/Src/sysmem.o
 .debug_macro   0x0000000000017a3a      0x23b ./Core/Src/sysmem.o
 .debug_macro   0x0000000000017c75      0x198 ./Core/Src/system_stm32f1xx.o
 .debug_macro   0x0000000000017e0d      0x28d ./Core/Src/timer.o
 .debug_macro   0x000000000001809a      0x2ad ./Core/Src/traffic.o
 .debug_macro   0x0000000000018347      0x1bc ./Drivers/STM32F1xx_HAL_Driver/Src/stm32f1xx_hal.o
 .debug_macro   0x0000000000018503      0x198 ./Drivers/STM32F1xx_HAL_Driver/Src/stm32f1xx_hal_cortex.o
 .debug_macro   0x000000000001869b      0x203 ./Drivers/STM32F1xx_HAL_Driver/Src/stm32f1xx_hal_gpio.o
 .debug_macro   0x000000000001889e      0x1aa ./Drivers/STM32F1xx_HAL_Driver/Src/stm32f1xx_hal_rcc.o
 .debug_macro   0x0000000000018a48      0x199 ./Drivers/STM32F1xx_HAL_Driver/Src/stm32f1xx_hal_tim.o
 .debug_macro   0x0000000000018be1      0x198 ./Drivers/STM32F1xx_HAL_Driver/Src/stm32f1xx_hal_tim_ex.o

.debug_line     0x0000000000000000     0xda88
 .debug_line    0x0000000000000000      0x6c7 ./Core/Src/functionality.o
 .debug_line    0x00000000000006c7      0xb7f ./Core/Src/input_processing.o
 .debug_line    0x0000000000001246      0x8d6 ./Core/Src/input_reading.o
 .debug_line    0x0000000000001b1c      0x892 ./Core/Src/led7_display.o
 .debug_line    0x00000000000023ae      0x956 ./Core/Src/main.o
 .debug_line    0x0000000000002d04      0x6c9 ./Core/Src/stm32f1xx_hal_msp.o
 .debug_line    0x00000000000033cd      0x767 ./Core/Src/stm32f1xx_it.o
 .debug_line    0x0000000000003b34      0x834 ./Core/Src/syscalls.o
 .debug_line    0x0000000000004368      0x52a ./Core/Src/sysmem.o
 .debug_line    0x0000000000004892      0x70b ./Core/Src/system_stm32f1xx.o
 .debug_line    0x0000000000004f9d      0xadc ./Core/Src/timer.o
 .debug_line    0x0000000000005a79      0x96d ./Core/Src/traffic.o
 .debug_line    0x00000000000063e6       0x87 ./Core/Startup/startup_stm32f103c6tx.o
 .debug_line    0x000000000000646d      0x938 ./Drivers/STM32F1xx_HAL_Driver/Src/stm32f1xx_hal.o
 .debug_line    0x0000000000006da5      0xb20 ./Drivers/STM32F1xx_HAL_Driver/Src/stm32f1xx_hal_cortex.o
 .debug_line    0x00000000000078c5      0x9b9 ./Drivers/STM32F1xx_HAL_Driver/Src/stm32f1xx_hal_gpio.o
 .debug_line    0x000000000000827e      0xd46 ./Drivers/STM32F1xx_HAL_Driver/Src/stm32f1xx_hal_rcc.o
 .debug_line    0x0000000000008fc4     0x3296 ./Drivers/STM32F1xx_HAL_Driver/Src/stm32f1xx_hal_tim.o
 .debug_line    0x000000000000c25a     0x182e ./Drivers/STM32F1xx_HAL_Driver/Src/stm32f1xx_hal_tim_ex.o

.debug_str      0x0000000000000000    0x87c66
 .debug_str     0x0000000000000000    0x7f3ee ./Core/Src/functionality.o
                                      0x7f72d (size before relaxing)
 .debug_str     0x000000000007f3ee     0x3959 ./Core/Src/input_processing.o
                                      0x831b3 (size before relaxing)
 .debug_str     0x0000000000082d47       0xe8 ./Core/Src/input_reading.o
                                      0x82ac7 (size before relaxing)
 .debug_str     0x0000000000082e2f       0xd5 ./Core/Src/led7_display.o
                                      0x82aab (size before relaxing)
 .debug_str     0x0000000000082f04      0x2ac ./Core/Src/main.o
                                      0x831a9 (size before relaxing)
 .debug_str     0x00000000000831b0      0x2ba ./Core/Src/stm32f1xx_hal_msp.o
                                      0x7ff11 (size before relaxing)
 .debug_str     0x000000000008346a       0xcd ./Core/Src/stm32f1xx_it.o
                                      0x7fc73 (size before relaxing)
 .debug_str     0x0000000000083537     0x25b1 ./Core/Src/syscalls.o
                                       0x8ed5 (size before relaxing)
 .debug_str     0x0000000000085ae8       0x6b ./Core/Src/sysmem.o
                                       0x62a8 (size before relaxing)
 .debug_str     0x0000000000085b53       0x52 ./Core/Src/system_stm32f1xx.o
                                      0x7f551 (size before relaxing)
 .debug_str     0x0000000000085ba5      0x14a ./Core/Src/timer.o
                                      0x82ff2 (size before relaxing)
 .debug_str     0x0000000000085cef      0x121 ./Core/Src/traffic.o
                                      0x82b98 (size before relaxing)
 .debug_str     0x0000000000085e10       0x36 ./Core/Startup/startup_stm32f103c6tx.o
                                         0xbc (size before relaxing)
 .debug_str     0x0000000000085e46      0x2ff ./Drivers/STM32F1xx_HAL_Driver/Src/stm32f1xx_hal.o
                                      0x7fba8 (size before relaxing)
 .debug_str     0x0000000000086145      0x300 ./Drivers/STM32F1xx_HAL_Driver/Src/stm32f1xx_hal_cortex.o
                                      0x7fbb0 (size before relaxing)
 .debug_str     0x0000000000086445      0x316 ./Drivers/STM32F1xx_HAL_Driver/Src/stm32f1xx_hal_gpio.o
                                      0x7f915 (size before relaxing)
 .debug_str     0x000000000008675b      0x24f ./Drivers/STM32F1xx_HAL_Driver/Src/stm32f1xx_hal_rcc.o
                                      0x7f94e (size before relaxing)
 .debug_str     0x00000000000869aa      0xdce ./Drivers/STM32F1xx_HAL_Driver/Src/stm32f1xx_hal_tim.o
                                      0x80920 (size before relaxing)
 .debug_str     0x0000000000087778      0x4ee ./Drivers/STM32F1xx_HAL_Driver/Src/stm32f1xx_hal_tim_ex.o
                                      0x800d1 (size before relaxing)

.comment        0x0000000000000000       0x53
 .comment       0x0000000000000000       0x53 ./Core/Src/functionality.o
                                         0x54 (size before relaxing)
 .comment       0x0000000000000053       0x54 ./Core/Src/input_processing.o
 .comment       0x0000000000000053       0x54 ./Core/Src/input_reading.o
 .comment       0x0000000000000053       0x54 ./Core/Src/led7_display.o
 .comment       0x0000000000000053       0x54 ./Core/Src/main.o
 .comment       0x0000000000000053       0x54 ./Core/Src/stm32f1xx_hal_msp.o
 .comment       0x0000000000000053       0x54 ./Core/Src/stm32f1xx_it.o
 .comment       0x0000000000000053       0x54 ./Core/Src/syscalls.o
 .comment       0x0000000000000053       0x54 ./Core/Src/sysmem.o
 .comment       0x0000000000000053       0x54 ./Core/Src/system_stm32f1xx.o
 .comment       0x0000000000000053       0x54 ./Core/Src/timer.o
 .comment       0x0000000000000053       0x54 ./Core/Src/traffic.o
 .comment       0x0000000000000053       0x54 ./Drivers/STM32F1xx_HAL_Driver/Src/stm32f1xx_hal.o
 .comment       0x0000000000000053       0x54 ./Drivers/STM32F1xx_HAL_Driver/Src/stm32f1xx_hal_cortex.o
 .comment       0x0000000000000053       0x54 ./Drivers/STM32F1xx_HAL_Driver/Src/stm32f1xx_hal_gpio.o
 .comment       0x0000000000000053       0x54 ./Drivers/STM32F1xx_HAL_Driver/Src/stm32f1xx_hal_rcc.o
 .comment       0x0000000000000053       0x54 ./Drivers/STM32F1xx_HAL_Driver/Src/stm32f1xx_hal_tim.o
 .comment       0x0000000000000053       0x54 ./Drivers/STM32F1xx_HAL_Driver/Src/stm32f1xx_hal_tim_ex.o

.debug_frame    0x0000000000000000     0x2f70
 .debug_frame   0x0000000000000000       0x38 ./Core/Src/functionality.o
 .debug_frame   0x0000000000000038      0x14c ./Core/Src/input_processing.o
 .debug_frame   0x0000000000000184       0x84 ./Core/Src/input_reading.o
 .debug_frame   0x0000000000000208       0x5c ./Core/Src/led7_display.o
 .debug_frame   0x0000000000000264       0xb0 ./Core/Src/main.o
 .debug_frame   0x0000000000000314       0x80 ./Core/Src/stm32f1xx_hal_msp.o
 .debug_frame   0x0000000000000394      0x120 ./Core/Src/stm32f1xx_it.o
 .debug_frame   0x00000000000004b4      0x2ac ./Core/Src/syscalls.o
 .debug_frame   0x0000000000000760       0x34 ./Core/Src/sysmem.o
 .debug_frame   0x0000000000000794       0x58 ./Core/Src/system_stm32f1xx.o
 .debug_frame   0x00000000000007ec      0x1c8 ./Core/Src/timer.o
 .debug_frame   0x00000000000009b4       0xac ./Core/Src/traffic.o
 .debug_frame   0x0000000000000a60      0x334 ./Drivers/STM32F1xx_HAL_Driver/Src/stm32f1xx_hal.o
 .debug_frame   0x0000000000000d94      0x428 ./Drivers/STM32F1xx_HAL_Driver/Src/stm32f1xx_hal_cortex.o
 .debug_frame   0x00000000000011bc      0x14c ./Drivers/STM32F1xx_HAL_Driver/Src/stm32f1xx_hal_gpio.o
 .debug_frame   0x0000000000001308      0x21c ./Drivers/STM32F1xx_HAL_Driver/Src/stm32f1xx_hal_rcc.o
 .debug_frame   0x0000000000001524     0x11b8 ./Drivers/STM32F1xx_HAL_Driver/Src/stm32f1xx_hal_tim.o
 .debug_frame   0x00000000000026dc      0x638 ./Drivers/STM32F1xx_HAL_Driver/Src/stm32f1xx_hal_tim_ex.o
 .debug_frame   0x0000000000002d14       0x20 d:/stm32cubeide/stm32cubeide_1.7.0/stm32cubeide/plugins/com.st.stm32cube.ide.mcu.externaltools.gnu-tools-for-stm32.9-2020-q2-update.win32_2.0.0.202105311346/tools/bin/../lib/gcc/arm-none-eabi/9.3.1/../../../../arm-none-eabi/lib/thumb/v7-m/nofp\libc_nano.a(lib_a-errno.o)
 .debug_frame   0x0000000000002d34       0x28 d:/stm32cubeide/stm32cubeide_1.7.0/stm32cubeide/plugins/com.st.stm32cube.ide.mcu.externaltools.gnu-tools-for-stm32.9-2020-q2-update.win32_2.0.0.202105311346/tools/bin/../lib/gcc/arm-none-eabi/9.3.1/../../../../arm-none-eabi/lib/thumb/v7-m/nofp\libc_nano.a(lib_a-exit.o)
 .debug_frame   0x0000000000002d5c       0x2c d:/stm32cubeide/stm32cubeide_1.7.0/stm32cubeide/plugins/com.st.stm32cube.ide.mcu.externaltools.gnu-tools-for-stm32.9-2020-q2-update.win32_2.0.0.202105311346/tools/bin/../lib/gcc/arm-none-eabi/9.3.1/../../../../arm-none-eabi/lib/thumb/v7-m/nofp\libc_nano.a(lib_a-init.o)
 .debug_frame   0x0000000000002d88       0x30 d:/stm32cubeide/stm32cubeide_1.7.0/stm32cubeide/plugins/com.st.stm32cube.ide.mcu.externaltools.gnu-tools-for-stm32.9-2020-q2-update.win32_2.0.0.202105311346/tools/bin/../lib/gcc/arm-none-eabi/9.3.1/../../../../arm-none-eabi/lib/thumb/v7-m/nofp\libc_nano.a(lib_a-malloc.o)
 .debug_frame   0x0000000000002db8       0x20 d:/stm32cubeide/stm32cubeide_1.7.0/stm32cubeide/plugins/com.st.stm32cube.ide.mcu.externaltools.gnu-tools-for-stm32.9-2020-q2-update.win32_2.0.0.202105311346/tools/bin/../lib/gcc/arm-none-eabi/9.3.1/../../../../arm-none-eabi/lib/thumb/v7-m/nofp\libc_nano.a(lib_a-memset.o)
 .debug_frame   0x0000000000002dd8       0x30 d:/stm32cubeide/stm32cubeide_1.7.0/stm32cubeide/plugins/com.st.stm32cube.ide.mcu.externaltools.gnu-tools-for-stm32.9-2020-q2-update.win32_2.0.0.202105311346/tools/bin/../lib/gcc/arm-none-eabi/9.3.1/../../../../arm-none-eabi/lib/thumb/v7-m/nofp\libc_nano.a(lib_a-nano-mallocr.o)
 .debug_frame   0x0000000000002e08       0x2c d:/stm32cubeide/stm32cubeide_1.7.0/stm32cubeide/plugins/com.st.stm32cube.ide.mcu.externaltools.gnu-tools-for-stm32.9-2020-q2-update.win32_2.0.0.202105311346/tools/bin/../lib/gcc/arm-none-eabi/9.3.1/../../../../arm-none-eabi/lib/thumb/v7-m/nofp\libc_nano.a(lib_a-sbrkr.o)
 .debug_frame   0x0000000000002e34       0x30 d:/stm32cubeide/stm32cubeide_1.7.0/stm32cubeide/plugins/com.st.stm32cube.ide.mcu.externaltools.gnu-tools-for-stm32.9-2020-q2-update.win32_2.0.0.202105311346/tools/bin/../lib/gcc/arm-none-eabi/9.3.1/../../../../arm-none-eabi/lib/thumb/v7-m/nofp\libc_nano.a(lib_a-mlock.o)
 .debug_frame   0x0000000000002e64       0x5c d:/stm32cubeide/stm32cubeide_1.7.0/stm32cubeide/plugins/com.st.stm32cube.ide.mcu.externaltools.gnu-tools-for-stm32.9-2020-q2-update.win32_2.0.0.202105311346/tools/bin/../lib/gcc/arm-none-eabi/9.3.1/../../../../arm-none-eabi/lib/thumb/v7-m/nofp\libc_nano.a(lib_a-reent.o)
 .debug_frame   0x0000000000002ec0       0xb0 d:/stm32cubeide/stm32cubeide_1.7.0/stm32cubeide/plugins/com.st.stm32cube.ide.mcu.externaltools.gnu-tools-for-stm32.9-2020-q2-update.win32_2.0.0.202105311346/tools/bin/../lib/gcc/arm-none-eabi/9.3.1/../../../../arm-none-eabi/lib/thumb/v7-m/nofp\libc_nano.a(lib_a-lock.o)
