Archive member included to satisfy reference by file (symbol)

d:/stm32cubeide/stm32cubeide_1.7.0/stm32cubeide/plugins/com.st.stm32cube.ide.mcu.externaltools.gnu-tools-for-stm32.9-2020-q2-update.win32_2.0.0.202105311346/tools/bin/../lib/gcc/arm-none-eabi/9.3.1/../../../../arm-none-eabi/lib/thumb/v7-m/nofp\libc_nano.a(lib_a-errno.o)
                              ./Core/Src/syscalls.o (__errno)
d:/stm32cubeide/stm32cubeide_1.7.0/stm32cubeide/plugins/com.st.stm32cube.ide.mcu.externaltools.gnu-tools-for-stm32.9-2020-q2-update.win32_2.0.0.202105311346/tools/bin/../lib/gcc/arm-none-eabi/9.3.1/../../../../arm-none-eabi/lib/thumb/v7-m/nofp\libc_nano.a(lib_a-exit.o)
                              d:/stm32cubeide/stm32cubeide_1.7.0/stm32cubeide/plugins/com.st.stm32cube.ide.mcu.externaltools.gnu-tools-for-stm32.9-2020-q2-update.win32_2.0.0.202105311346/tools/bin/../lib/gcc/arm-none-eabi/9.3.1/../../../../arm-none-eabi/lib/thumb/v7-m/nofp/crt0.o (exit)
d:/stm32cubeide/stm32cubeide_1.7.0/stm32cubeide/plugins/com.st.stm32cube.ide.mcu.externaltools.gnu-tools-for-stm32.9-2020-q2-update.win32_2.0.0.202105311346/tools/bin/../lib/gcc/arm-none-eabi/9.3.1/../../../../arm-none-eabi/lib/thumb/v7-m/nofp\libc_nano.a(lib_a-impure.o)
                              d:/stm32cubeide/stm32cubeide_1.7.0/stm32cubeide/plugins/com.st.stm32cube.ide.mcu.externaltools.gnu-tools-for-stm32.9-2020-q2-update.win32_2.0.0.202105311346/tools/bin/../lib/gcc/arm-none-eabi/9.3.1/../../../../arm-none-eabi/lib/thumb/v7-m/nofp\libc_nano.a(lib_a-exit.o) (_global_impure_ptr)
d:/stm32cubeide/stm32cubeide_1.7.0/stm32cubeide/plugins/com.st.stm32cube.ide.mcu.externaltools.gnu-tools-for-stm32.9-2020-q2-update.win32_2.0.0.202105311346/tools/bin/../lib/gcc/arm-none-eabi/9.3.1/../../../../arm-none-eabi/lib/thumb/v7-m/nofp\libc_nano.a(lib_a-init.o)
                              d:/stm32cubeide/stm32cubeide_1.7.0/stm32cubeide/plugins/com.st.stm32cube.ide.mcu.externaltools.gnu-tools-for-stm32.9-2020-q2-update.win32_2.0.0.202105311346/tools/bin/../lib/gcc/arm-none-eabi/9.3.1/../../../../arm-none-eabi/lib/thumb/v7-m/nofp/crt0.o (__libc_init_array)
d:/stm32cubeide/stm32cubeide_1.7.0/stm32cubeide/plugins/com.st.stm32cube.ide.mcu.externaltools.gnu-tools-for-stm32.9-2020-q2-update.win32_2.0.0.202105311346/tools/bin/../lib/gcc/arm-none-eabi/9.3.1/../../../../arm-none-eabi/lib/thumb/v7-m/nofp\libc_nano.a(lib_a-malloc.o)
                              ./Core/Src/input_processing.o (malloc)
d:/stm32cubeide/stm32cubeide_1.7.0/stm32cubeide/plugins/com.st.stm32cube.ide.mcu.externaltools.gnu-tools-for-stm32.9-2020-q2-update.win32_2.0.0.202105311346/tools/bin/../lib/gcc/arm-none-eabi/9.3.1/../../../../arm-none-eabi/lib/thumb/v7-m/nofp\libc_nano.a(lib_a-memset.o)
                              d:/stm32cubeide/stm32cubeide_1.7.0/stm32cubeide/plugins/com.st.stm32cube.ide.mcu.externaltools.gnu-tools-for-stm32.9-2020-q2-update.win32_2.0.0.202105311346/tools/bin/../lib/gcc/arm-none-eabi/9.3.1/../../../../arm-none-eabi/lib/thumb/v7-m/nofp/crt0.o (memset)
d:/stm32cubeide/stm32cubeide_1.7.0/stm32cubeide/plugins/com.st.stm32cube.ide.mcu.externaltools.gnu-tools-for-stm32.9-2020-q2-update.win32_2.0.0.202105311346/tools/bin/../lib/gcc/arm-none-eabi/9.3.1/../../../../arm-none-eabi/lib/thumb/v7-m/nofp\libc_nano.a(lib_a-nano-freer.o)
                              d:/stm32cubeide/stm32cubeide_1.7.0/stm32cubeide/plugins/com.st.stm32cube.ide.mcu.externaltools.gnu-tools-for-stm32.9-2020-q2-update.win32_2.0.0.202105311346/tools/bin/../lib/gcc/arm-none-eabi/9.3.1/../../../../arm-none-eabi/lib/thumb/v7-m/nofp\libc_nano.a(lib_a-malloc.o) (_free_r)
d:/stm32cubeide/stm32cubeide_1.7.0/stm32cubeide/plugins/com.st.stm32cube.ide.mcu.externaltools.gnu-tools-for-stm32.9-2020-q2-update.win32_2.0.0.202105311346/tools/bin/../lib/gcc/arm-none-eabi/9.3.1/../../../../arm-none-eabi/lib/thumb/v7-m/nofp\libc_nano.a(lib_a-nano-mallocr.o)
                              d:/stm32cubeide/stm32cubeide_1.7.0/stm32cubeide/plugins/com.st.stm32cube.ide.mcu.externaltools.gnu-tools-for-stm32.9-2020-q2-update.win32_2.0.0.202105311346/tools/bin/../lib/gcc/arm-none-eabi/9.3.1/../../../../arm-none-eabi/lib/thumb/v7-m/nofp\libc_nano.a(lib_a-malloc.o) (_malloc_r)
d:/stm32cubeide/stm32cubeide_1.7.0/stm32cubeide/plugins/com.st.stm32cube.ide.mcu.externaltools.gnu-tools-for-stm32.9-2020-q2-update.win32_2.0.0.202105311346/tools/bin/../lib/gcc/arm-none-eabi/9.3.1/../../../../arm-none-eabi/lib/thumb/v7-m/nofp\libc_nano.a(lib_a-sbrkr.o)
                              d:/stm32cubeide/stm32cubeide_1.7.0/stm32cubeide/plugins/com.st.stm32cube.ide.mcu.externaltools.gnu-tools-for-stm32.9-2020-q2-update.win32_2.0.0.202105311346/tools/bin/../lib/gcc/arm-none-eabi/9.3.1/../../../../arm-none-eabi/lib/thumb/v7-m/nofp\libc_nano.a(lib_a-nano-mallocr.o) (_sbrk_r)
[...]
Memory Configuration

Name             Origin             Length             Attributes
RAM              0x0000000020000000 0x0000000000002800 xrw
FLASH            0x0000000008000000 0x0000000000008000 xr
*default*        0x0000000000000000 0xffffffffffffffff

Linker script and memory map

LOAD d:/stm32cubeide/stm32cubeide_1.7.0/stm32cubeide/plugins/com.st.stm32cube.ide.mcu.externaltools.gnu-tools-for-stm32.9-2020-q2-update.win32_2.0.0.202105311346/tools/bin/../lib/gcc/arm-none-eabi/9.3.1/thumb/v7-m/nofp/crti.o
LOAD d:/stm32cubeide/stm32cubeide_1.7.0/stm32cubeide/plugins/com.st.stm32cube.ide.mcu.externaltools.gnu-tools-for-stm32.9-2020-q2-update.win32_2.0.0.202105311346/tools/bin/../lib/gcc/arm-none-eabi/9.3.1/thumb/v7-m/nofp/crtbegin.o
LOAD d:/stm32cubeide/stm32cubeide_1.7.0/stm32cubeide/plugins/com.st.stm32cube.ide.mcu.externaltools.gnu-tools-for-stm32.9-2020-q2-update.win32_2.0.0.202105311346/tools/bin/../lib/gcc/arm-none-eabi/9.3.1/../../../../arm-none-eabi/lib/thumb/v7-m/nofp/crt0.o
LOAD ./Core/Src/input_processing.o
LOAD ./Core/Src/input_reading.o
LOAD ./Core/Src/led7_display.o
LOAD ./Core/Src/main.o
LOAD ./Core/Src/stm32f1xx_hal_msp.o
LOAD ./Core/Src/stm32f1xx_it.o
LOAD ./Core/Src/syscalls.o
LOAD ./Core/Src/sysmem.o
LOAD ./Core/Src/system_stm32f1xx.o
LOAD ./Core/Src/timer.o
LOAD ./Core/Src/traffic.o
LOAD ./Core/Startup/startup_stm32f103c6tx.o
LOAD ./Drivers/STM32F1xx_HAL_Driver/Src/stm32f1xx_hal.o
LOAD ./Drivers/STM32F1xx_HAL_Driver/Src/stm32f1xx_hal_cortex.o
LOAD ./Drivers/STM32F1xx_HAL_Driver/Src/stm32f1xx_hal_dma.o
LOAD ./Drivers/STM32F1xx_HAL_Driver/Src/stm32f1xx_hal_exti.o
LOAD ./Drivers/STM32F1xx_HAL_Driver/Src/stm32f1xx_hal_flash.o
LOAD ./Drivers/STM32F1xx_HAL_Driver/Src/stm32f1xx_hal_flash_ex.o
LOAD ./Drivers/STM32F1xx_HAL_Driver/Src/stm32f1xx_hal_gpio.o
LOAD ./Drivers/STM32F1xx_HAL_Driver/Src/stm32f1xx_hal_gpio_ex.o
LOAD ./Drivers/STM32F1xx_HAL_Driver/Src/stm32f1xx_hal_pwr.o
LOAD ./Drivers/STM32F1xx_HAL_Driver/Src/stm32f1xx_hal_rcc.o
LOAD ./Drivers/STM32F1xx_HAL_Driver/Src/stm32f1xx_hal_rcc_ex.o
LOAD ./Drivers/STM32F1xx_HAL_Driver/Src/stm32f1xx_hal_tim.o
LOAD ./Drivers/STM32F1xx_HAL_Driver/Src/stm32f1xx_hal_tim_ex.o
START GROUP
LOAD d:/stm32cubeide/stm32cubeide_1.7.0/stm32cubeide/plugins/com.st.stm32cube.ide.mcu.externaltools.gnu-tools-for-stm32.9-2020-q2-update.win32_2.0.0.202105311346/tools/bin/../lib/gcc/arm-none-eabi/9.3.1/../../../../arm-none-eabi/lib/thumb/v7-m/nofp\libc_nano.a
LOAD d:/stm32cubeide/stm32cubeide_1.7.0/stm32cubeide/plugins/com.st.stm32cube.ide.mcu.externaltools.gnu-tools-for-stm32.9-2020-q2-update.win32_2.0.0.202105311346/tools/bin/../lib/gcc/arm-none-eabi/9.3.1/../../../../arm-none-eabi/lib/thumb/v7-m/nofp\libm.a
END GROUP
START GROUP
LOAD d:/stm32cubeide/stm32cubeide_1.7.0/stm32cubeide/plugins/com.st.stm32cube.ide.mcu.externaltools.gnu-tools-for-stm32.9-2020-q2-update.win32_2.0.0.202105311346/tools/bin/../lib/gcc/arm-none-eabi/9.3.1/thumb/v7-m/nofp\libgcc.a
LOAD d:/stm32cubeide/stm32cubeide_1.7.0/stm32cubeide/plugins/com.st.stm32cube.ide.mcu.externaltools.gnu-tools-for-stm32.9-2020-q2-update.win32_2.0.0.202105311346/tools/bin/../lib/gcc/arm-none-eabi/9.3.1/../../../../arm-none-eabi/lib/thumb/v7-m/nofp\libc_nano.a
END GROUP
START GROUP
LOAD d:/stm32cubeide/stm32cubeide_1.7.0/stm32cubeide/plugins/com.st.stm32cube.ide.mcu.externaltools.gnu-tools-for-stm32.9-2020-q2-update.win32_2.0.0.202105311346/tools/bin/../lib/gcc/arm-none-eabi/9.3.1/thumb/v7-m/nofp\libgcc.a
LOAD d:/stm32cubeide/stm32cubeide_1.7.0/stm32cubeide/plugins/com.st.stm32cube.ide.mcu.externaltools.gnu-tools-for-stm32.9-2020-q2-update.win32_2.0.0.202105311346/tools/bin/../lib/gcc/arm-none-eabi/9.3.1/../../../../arm-none-eabi/lib/thumb/v7-m/nofp\libc_nano.a
LOAD d:/stm32cubeide/stm32cubeide_1.7.0/stm32cubeide/plugins/com.st.stm32cube.ide.mcu.externaltools.gnu-tools-for-stm32.9-2020-q2-update.win32_2.0.0.202105311346/tools/bin/../lib/gcc/arm-none-eabi/9.3.1/../../../../arm-none-eabi/lib/thumb/v7-m/nofp\libnosys.a
END GROUP
START GROUP
LOAD d:/stm32cubeide/stm32cubeide_1.7.0/stm32cubeide/plugins/com.st.stm32cube.ide.mcu.externaltools.gnu-tools-for-stm32.9-2020-q2-update.win32_2.0.0.202105311346/tools/bin/../lib/gcc/arm-none-eabi/9.3.1/thumb/v7-m/nofp\libgcc.a
LOAD d:/stm32cubeide/stm32cubeide_1.7.0/stm32cubeide/plugins/com.st.stm32cube.ide.mcu.externaltools.gnu-tools-for-stm32.9-2020-q2-update.win32_2.0.0.202105311346/tools/bin/../lib/gcc/arm-none-eabi/9.3.1/../../../../arm-none-eabi/lib/thumb/v7-m/nofp\libc_nano.a
LOAD d:/stm32cubeide/stm32cubeide_1.7.0/stm32cubeide/plugins/com.st.stm32cube.ide.mcu.externaltools.gnu-tools-for-stm32.9-2020-q2-update.win32_2.0.0.202105311346/tools/bin/../lib/gcc/arm-none-eabi/9.3.1/../../../../arm-none-eabi/lib/thumb/v7-m/nofp\libnosys.a
END GROUP
LOAD d:/stm32cubeide/stm32cubeide_1.7.0/stm32cubeide/plugins/com.st.stm32cube.ide.mcu.externaltools.gnu-tools-for-stm32.9-2020-q2-update.win32_2.0.0.202105311346/tools/bin/../lib/gcc/arm-none-eabi/9.3.1/thumb/v7-m/nofp/crtend.o
LOAD d:/stm32cubeide/stm32cubeide_1.7.0/stm32cubeide/plugins/com.st.stm32cube.ide.mcu.externaltools.gnu-tools-for-stm32.9-2020-q2-update.win32_2.0.0.202105311346/tools/bin/../lib/gcc/arm-none-eabi/9.3.1/thumb/v7-m/nofp/crtn.o
                0x0000000020002800                _estack = (ORIGIN (RAM) + LENGTH (RAM))
                0x0000000000000200                _Min_Heap_Size = 0x200
                0x0000000000000400                _Min_Stack_Size = 0x400

.isr_vector     0x0000000008000000      0x10c
                0x0000000008000000                . = ALIGN (0x4)
 *(.isr_vector)
 .isr_vector    0x0000000008000000      0x10c ./Core/Startup/startup_stm32f103c6tx.o
                0x0000000008000000                g_pfnVectors
                0x000000000800010c                . = ALIGN (0x4)

.text           0x000000000800010c     0x2c7c
                0x000000000800010c                . = ALIGN (0x4)
 *(.text)
 .text          0x000000000800010c       0x40 d:/stm32cubeide/stm32cubeide_1.7.0/stm32cubeide/plugins/com.st.stm32cube.ide.mcu.externaltools.gnu-tools-for-stm32.9-2020-q2-update.win32_2.0.0.202105311346/tools/bin/../lib/gcc/arm-none-eabi/9.3.1/thumb/v7-m/nofp/crtbegin.o
 *(.text*)
 .text.init_fsm_input_processing
                0x000000000800014c       0x7c ./Core/Src/input_processing.o
                0x000000000800014c                init_fsm_input_processing
 .text.fsm_for_input_processing
                0x00000000080001c8       0x94 ./Core/Src/input_processing.o
                0x00000000080001c8                fsm_for_input_processing
 .text.getPressFlag
                0x000000000800025c       0x20 ./Core/Src/input_processing.o
                0x000000000800025c                getPressFlag
 .text.resetPressFlag
                0x000000000800027c       0x24 ./Core/Src/input_processing.o
                0x000000000800027c                resetPressFlag
 .text.init_button_reading
                0x00000000080002a0       0xa4 ./Core/Src/input_reading.o
                0x00000000080002a0                init_button_reading
 .text.button_reading
                0x0000000008000344       0x9c ./Core/Src/input_reading.o
                0x0000000008000344                button_reading
 .text.is_button_pressed
                0x00000000080003e0       0x40 ./Core/Src/input_reading.o
                0x00000000080003e0                is_button_pressed
 .text.init_led7
                0x0000000008000420       0x98 ./Core/Src/led7_display.o
                0x0000000008000420                init_led7
 .text.display_7SEG
                0x00000000080004b8       0xd4 ./Core/Src/led7_display.o
                0x00000000080004b8                display_7SEG
 .text.main     0x000000000800058c      0x20c ./Core/Src/main.o
                0x000000000800058c                main
 .text.SystemClock_Config
                0x0000000008000798       0x76 ./Core/Src/main.o
                0x0000000008000798                SystemClock_Config
 *fill*         0x000000000800080e        0x2 
 .text.MX_TIM2_Init
                0x0000000008000810       0x98 ./Core/Src/main.o
 .text.MX_GPIO_Init
                0x00000000080008a8       0xc8 ./Core/Src/main.o
 .text.scanLed7
                0x0000000008000970       0x44 ./Core/Src/main.o
                0x0000000008000970                scanLed7
 .text.setBufferLed7
                0x00000000080009b4       0x78 ./Core/Src/main.o
                0x00000000080009b4                setBufferLed7
 .text.blinkTraffic
                0x0000000008000a2c       0x5c ./Core/Src/main.o
                0x0000000008000a2c                blinkTraffic
 .text.increase
                0x0000000008000a88       0xe6 ./Core/Src/main.o
                0x0000000008000a88                increase
 .text.decrease
                0x0000000008000b6e       0xe6 ./Core/Src/main.o
                0x0000000008000b6e                decrease
 .text.copyArray
                0x0000000008000c54       0x3c ./Core/Src/main.o
                0x0000000008000c54                copyArray
 .text.Error_Handler
                0x0000000008000c90        0xa ./Core/Src/main.o
                0x0000000008000c90                Error_Handler
 *fill*         0x0000000008000c9a        0x2 
 .text.HAL_MspInit
                0x0000000008000c9c       0x64 ./Core/Src/stm32f1xx_hal_msp.o
                0x0000000008000c9c                HAL_MspInit
 .text.HAL_TIM_Base_MspInit
                0x0000000008000d00       0x48 ./Core/Src/stm32f1xx_hal_msp.o
                0x0000000008000d00                HAL_TIM_Base_MspInit
 .text.NMI_Handler
                0x0000000008000d48        0x6 ./Core/Src/stm32f1xx_it.o
                0x0000000008000d48                NMI_Handler
 .text.HardFault_Handler
                0x0000000008000d4e        0x6 ./Core/Src/stm32f1xx_it.o
                0x0000000008000d4e                HardFault_Handler
 .text.MemManage_Handler
                0x0000000008000d54        0x6 ./Core/Src/stm32f1xx_it.o
                0x0000000008000d54                MemManage_Handler
 .text.BusFault_Handler
                0x0000000008000d5a        0x6 ./Core/Src/stm32f1xx_it.o
                0x0000000008000d5a                BusFault_Handler
 .text.UsageFault_Handler
                0x0000000008000d60        0x6 ./Core/Src/stm32f1xx_it.o
                0x0000000008000d60                UsageFault_Handler
 .text.SVC_Handler
                0x0000000008000d66        0xc ./Core/Src/stm32f1xx_it.o
                0x0000000008000d66                SVC_Handler
 .text.DebugMon_Handler
                0x0000000008000d72        0xc ./Core/Src/stm32f1xx_it.o
                0x0000000008000d72                DebugMon_Handler
 .text.PendSV_Handler
                0x0000000008000d7e        0xc ./Core/Src/stm32f1xx_it.o
                0x0000000008000d7e                PendSV_Handler
 .text.SysTick_Handler
                0x0000000008000d8a        0xc ./Core/Src/stm32f1xx_it.o
                0x0000000008000d8a                SysTick_Handler
 *fill*         0x0000000008000d96        0x2 
 .text.TIM2_IRQHandler
                0x0000000008000d98       0x14 ./Core/Src/stm32f1xx_it.o
                0x0000000008000d98                TIM2_IRQHandler
 .text._kill    0x0000000008000dac       0x20 ./Core/Src/syscalls.o
                0x0000000008000dac                _kill
 .text._exit    0x0000000008000dcc       0x14 ./Core/Src/syscalls.o
                0x0000000008000dcc                _exit
 .text._sbrk    0x0000000008000de0       0x6c ./Core/Src/sysmem.o
                0x0000000008000de0                _sbrk
 .text.SystemInit
                0x0000000008000e4c        0xc ./Core/Src/system_stm32f1xx.o
                0x0000000008000e4c                SystemInit
 .text.init_timer
                0x0000000008000e58      0x154 ./Core/Src/timer.o
                0x0000000008000e58                init_timer
 .text.setMilTimer
                0x0000000008000fac       0x7c ./Core/Src/timer.o
                0x0000000008000fac                setMilTimer
 .text.setSecTimer
                0x0000000008001028       0x84 ./Core/Src/timer.o
                0x0000000008001028                setSecTimer
 .text.getMilFlag
                0x00000000080010ac       0x38 ./Core/Src/timer.o
                0x00000000080010ac                getMilFlag
 .text.getSecFlag
                0x00000000080010e4       0x38 ./Core/Src/timer.o
                0x00000000080010e4                getSecFlag
 .text.getSecCounter
                0x000000000800111c       0x50 ./Core/Src/timer.o
                0x000000000800111c                getSecCounter
 .text.controlSecTimer
                0x000000000800116c       0x2c ./Core/Src/timer.o
                0x000000000800116c                controlSecTimer
 .text.HAL_TIM_PeriodElapsedCallback
                0x0000000008001198      0x100 ./Core/Src/timer.o
                0x0000000008001198                HAL_TIM_PeriodElapsedCallback
 .text.init_traffic
                0x0000000008001298       0x98 ./Core/Src/traffic.o
                0x0000000008001298                init_traffic
 .text.traffic_display
                0x0000000008001330      0x20c ./Core/Src/traffic.o
                0x0000000008001330                traffic_display
 .text.clearTraffic
                0x000000000800153c       0x34 ./Core/Src/traffic.o
                0x000000000800153c                clearTraffic
 .text.isPeriodDone
                0x0000000008001570       0x14 ./Core/Src/traffic.o
                0x0000000008001570                isPeriodDone
 .text.startNewPeriod
                0x0000000008001584       0x18 ./Core/Src/traffic.o
                0x0000000008001584                startNewPeriod
 .text.Reset_Handler
                0x000000000800159c       0x48 ./Core/Startup/startup_stm32f103c6tx.o
                0x000000000800159c                Reset_Handler
 .text.Default_Handler
                0x00000000080015e4        0x2 ./Core/Startup/startup_stm32f103c6tx.o
                0x00000000080015e4                RTC_Alarm_IRQHandler
                0x00000000080015e4                EXTI2_IRQHandler
                0x00000000080015e4                TIM1_CC_IRQHandler
                0x00000000080015e4                PVD_IRQHandler
                0x00000000080015e4                EXTI3_IRQHandler
                0x00000000080015e4                EXTI0_IRQHandler
                0x00000000080015e4                ADC1_2_IRQHandler
                0x00000000080015e4                SPI1_IRQHandler
                0x00000000080015e4                TAMPER_IRQHandler
                0x00000000080015e4                DMA1_Channel4_IRQHandler
                0x00000000080015e4                RTC_IRQHandler
                0x00000000080015e4                DMA1_Channel7_IRQHandler
                0x00000000080015e4                CAN1_RX1_IRQHandler
                0x00000000080015e4                I2C1_EV_IRQHandler
                0x00000000080015e4                DMA1_Channel6_IRQHandler
                0x00000000080015e4                TIM3_IRQHandler
                0x00000000080015e4                RCC_IRQHandler
                0x00000000080015e4                TIM1_TRG_COM_IRQHandler
                0x00000000080015e4                DMA1_Channel1_IRQHandler
                0x00000000080015e4                Default_Handler
                0x00000000080015e4                EXTI15_10_IRQHandler
                0x00000000080015e4                EXTI9_5_IRQHandler
                0x00000000080015e4                DMA1_Channel5_IRQHandler
                0x00000000080015e4                EXTI4_IRQHandler
                0x00000000080015e4                USB_LP_CAN1_RX0_IRQHandler
                0x00000000080015e4                USB_HP_CAN1_TX_IRQHandler
                0x00000000080015e4                DMA1_Channel3_IRQHandler
                0x00000000080015e4                TIM1_UP_IRQHandler
                0x00000000080015e4                WWDG_IRQHandler
                0x00000000080015e4                TIM1_BRK_IRQHandler
                0x00000000080015e4                EXTI1_IRQHandler
                0x00000000080015e4                USART2_IRQHandler
                0x00000000080015e4                DMA1_Channel2_IRQHandler
                0x00000000080015e4                CAN1_SCE_IRQHandler
                0x00000000080015e4                FLASH_IRQHandler
                0x00000000080015e4                USART1_IRQHandler
                0x00000000080015e4                I2C1_ER_IRQHandler
                0x00000000080015e4                USBWakeUp_IRQHandler
 *fill*         0x00000000080015e6        0x2 
 .text.HAL_Init
                0x00000000080015e8       0x2c ./Drivers/STM32F1xx_HAL_Driver/Src/stm32f1xx_hal.o
                0x00000000080015e8                HAL_Init
 .text.HAL_InitTick
                0x0000000008001614       0x60 ./Drivers/STM32F1xx_HAL_Driver/Src/stm32f1xx_hal.o
                0x0000000008001614                HAL_InitTick
 .text.HAL_IncTick
                0x0000000008001674       0x24 ./Drivers/STM32F1xx_HAL_Driver/Src/stm32f1xx_hal.o
                0x0000000008001674                HAL_IncTick
 .text.HAL_GetTick
                0x0000000008001698       0x14 ./Drivers/STM32F1xx_HAL_Driver/Src/stm32f1xx_hal.o
                0x0000000008001698                HAL_GetTick
 .text.__NVIC_SetPriorityGrouping
                0x00000000080016ac       0x48 ./Drivers/STM32F1xx_HAL_Driver/Src/stm32f1xx_hal_cortex.o
 .text.__NVIC_GetPriorityGrouping
                0x00000000080016f4       0x1c ./Drivers/STM32F1xx_HAL_Driver/Src/stm32f1xx_hal_cortex.o
 .text.__NVIC_EnableIRQ
                0x0000000008001710       0x38 ./Drivers/STM32F1xx_HAL_Driver/Src/stm32f1xx_hal_cortex.o
 .text.__NVIC_SetPriority
                0x0000000008001748       0x54 ./Drivers/STM32F1xx_HAL_Driver/Src/stm32f1xx_hal_cortex.o
 .text.NVIC_EncodePriority
                0x000000000800179c       0x64 ./Drivers/STM32F1xx_HAL_Driver/Src/stm32f1xx_hal_cortex.o
 .text.SysTick_Config
                0x0000000008001800       0x44 ./Drivers/STM32F1xx_HAL_Driver/Src/stm32f1xx_hal_cortex.o
 .text.HAL_NVIC_SetPriorityGrouping
                0x0000000008001844       0x16 ./Drivers/STM32F1xx_HAL_Driver/Src/stm32f1xx_hal_cortex.o
                0x0000000008001844                HAL_NVIC_SetPriorityGrouping
 .text.HAL_NVIC_SetPriority
                0x000000000800185a       0x38 ./Drivers/STM32F1xx_HAL_Driver/Src/stm32f1xx_hal_cortex.o
                0x000000000800185a                HAL_NVIC_SetPriority
 .text.HAL_NVIC_EnableIRQ
                0x0000000008001892       0x1c ./Drivers/STM32F1xx_HAL_Driver/Src/stm32f1xx_hal_cortex.o
                0x0000000008001892                HAL_NVIC_EnableIRQ
 .text.HAL_SYSTICK_Config
                0x00000000080018ae       0x18 ./Drivers/STM32F1xx_HAL_Driver/Src/stm32f1xx_hal_cortex.o
                0x00000000080018ae                HAL_SYSTICK_Config
 *fill*         0x00000000080018c6        0x2 
 .text.HAL_GPIO_Init
                0x00000000080018c8      0x2f4 ./Drivers/STM32F1xx_HAL_Driver/Src/stm32f1xx_hal_gpio.o
                0x00000000080018c8                HAL_GPIO_Init
 .text.HAL_GPIO_ReadPin
                0x0000000008001bbc       0x2e ./Drivers/STM32F1xx_HAL_Driver/Src/stm32f1xx_hal_gpio.o
                0x0000000008001bbc                HAL_GPIO_ReadPin
 .text.HAL_GPIO_WritePin
                0x0000000008001bea       0x30 ./Drivers/STM32F1xx_HAL_Driver/Src/stm32f1xx_hal_gpio.o
                0x0000000008001bea                HAL_GPIO_WritePin
 .text.HAL_GPIO_TogglePin
                0x0000000008001c1a       0x32 ./Drivers/STM32F1xx_HAL_Driver/Src/stm32f1xx_hal_gpio.o
                0x0000000008001c1a                HAL_GPIO_TogglePin
 .text.HAL_RCC_OscConfig
                0x0000000008001c4c      0x500 ./Drivers/STM32F1xx_HAL_Driver/Src/stm32f1xx_hal_rcc.o
                0x0000000008001c4c                HAL_RCC_OscConfig
 .text.HAL_RCC_ClockConfig
                0x000000000800214c      0x1d4 ./Drivers/STM32F1xx_HAL_Driver/Src/stm32f1xx_hal_rcc.o
                0x000000000800214c                HAL_RCC_ClockConfig
 .text.HAL_RCC_GetSysClockFreq
                0x0000000008002320       0xc0 ./Drivers/STM32F1xx_HAL_Driver/Src/stm32f1xx_hal_rcc.o
                0x0000000008002320                HAL_RCC_GetSysClockFreq
 .text.RCC_Delay
                0x00000000080023e0       0x3c ./Drivers/STM32F1xx_HAL_Driver/Src/stm32f1xx_hal_rcc.o
 .text.HAL_TIM_Base_Init
                0x000000000800241c       0x9e ./Drivers/STM32F1xx_HAL_Driver/Src/stm32f1xx_hal_tim.o
                0x000000000800241c                HAL_TIM_Base_Init
 *fill*         0x00000000080024ba        0x2 
 .text.HAL_TIM_Base_Start_IT
                0x00000000080024bc       0x98 ./Drivers/STM32F1xx_HAL_Driver/Src/stm32f1xx_hal_tim.o
                0x00000000080024bc                HAL_TIM_Base_Start_IT
 .text.HAL_TIM_IRQHandler
                0x0000000008002554      0x210 ./Drivers/STM32F1xx_HAL_Driver/Src/stm32f1xx_hal_tim.o
                0x0000000008002554                HAL_TIM_IRQHandler
 .text.HAL_TIM_ConfigClockSource
                0x0000000008002764      0x188 ./Drivers/STM32F1xx_HAL_Driver/Src/stm32f1xx_hal_tim.o
                0x0000000008002764                HAL_TIM_ConfigClockSource
 .text.HAL_TIM_OC_DelayElapsedCallback
                0x00000000080028ec       0x12 ./Drivers/STM32F1xx_HAL_Driver/Src/stm32f1xx_hal_tim.o
                0x00000000080028ec                HAL_TIM_OC_DelayElapsedCallback
 .text.HAL_TIM_IC_CaptureCallback
                0x00000000080028fe       0x12 ./Drivers/STM32F1xx_HAL_Driver/Src/stm32f1xx_hal_tim.o
                0x00000000080028fe                HAL_TIM_IC_CaptureCallback
 .text.HAL_TIM_PWM_PulseFinishedCallback
                0x0000000008002910       0x12 ./Drivers/STM32F1xx_HAL_Driver/Src/stm32f1xx_hal_tim.o
                0x0000000008002910                HAL_TIM_PWM_PulseFinishedCallback
 .text.HAL_TIM_TriggerCallback
                0x0000000008002922       0x12 ./Drivers/STM32F1xx_HAL_Driver/Src/stm32f1xx_hal_tim.o
                0x0000000008002922                HAL_TIM_TriggerCallback
 .text.TIM_Base_SetConfig
                0x0000000008002934       0xb0 ./Drivers/STM32F1xx_HAL_Driver/Src/stm32f1xx_hal_tim.o
                0x0000000008002934                TIM_Base_SetConfig
 .text.TIM_TI1_ConfigInputStage
                0x00000000080029e4       0x5c ./Drivers/STM32F1xx_HAL_Driver/Src/stm32f1xx_hal_tim.o
 .text.TIM_TI2_ConfigInputStage
                0x0000000008002a40       0x5e ./Drivers/STM32F1xx_HAL_Driver/Src/stm32f1xx_hal_tim.o
 .text.TIM_ITRx_SetConfig
                0x0000000008002a9e       0x34 ./Drivers/STM32F1xx_HAL_Driver/Src/stm32f1xx_hal_tim.o
 .text.TIM_ETR_SetConfig
                0x0000000008002ad2       0x3e ./Drivers/STM32F1xx_HAL_Driver/Src/stm32f1xx_hal_tim.o
                0x0000000008002ad2                TIM_ETR_SetConfig
 .text.HAL_TIMEx_MasterConfigSynchronization
                0x0000000008002b10       0xb0 ./Drivers/STM32F1xx_HAL_Driver/Src/stm32f1xx_hal_tim_ex.o
                0x0000000008002b10                HAL_TIMEx_MasterConfigSynchronization
 .text.HAL_TIMEx_CommutCallback
                0x0000000008002bc0       0x12 ./Drivers/STM32F1xx_HAL_Driver/Src/stm32f1xx_hal_tim_ex.o
                0x0000000008002bc0                HAL_TIMEx_CommutCallback
 .text.HAL_TIMEx_BreakCallback
                0x0000000008002bd2       0x12 ./Drivers/STM32F1xx_HAL_Driver/Src/stm32f1xx_hal_tim_ex.o
                0x0000000008002bd2                HAL_TIMEx_BreakCallback
 .text.__errno  0x0000000008002be4        0xc d:/stm32cubeide/stm32cubeide_1.7.0/stm32cubeide/plugins/com.st.stm32cube.ide.mcu.externaltools.gnu-tools-for-stm32.9-2020-q2-update.win32_2.0.0.202105311346/tools/bin/../lib/gcc/arm-none-eabi/9.3.1/../../../../arm-none-eabi/lib/thumb/v7-m/nofp\libc_nano.a(lib_a-errno.o)
                0x0000000008002be4                __errno
 .text.exit     0x0000000008002bf0       0x28 d:/stm32cubeide/stm32cubeide_1.7.0/stm32cubeide/plugins/com.st.stm32cube.ide.mcu.externaltools.gnu-tools-for-stm32.9-2020-q2-update.win32_2.0.0.202105311346/tools/bin/../lib/gcc/arm-none-eabi/9.3.1/../../../../arm-none-eabi/lib/thumb/v7-m/nofp\libc_nano.a(lib_a-exit.o)
                0x0000000008002bf0                exit
 .text.__libc_init_array
                0x0000000008002c18       0x48 d:/stm32cubeide/stm32cubeide_1.7.0/stm32cubeide/plugins/com.st.stm32cube.ide.mcu.externaltools.gnu-tools-for-stm32.9-2020-q2-update.win32_2.0.0.202105311346/tools/bin/../lib/gcc/arm-none-eabi/9.3.1/../../../../arm-none-eabi/lib/thumb/v7-m/nofp\libc_nano.a(lib_a-init.o)
                0x0000000008002c18                __libc_init_array
 .text.malloc   0x0000000008002c60       0x10 d:/stm32cubeide/stm32cubeide_1.7.0/stm32cubeide/plugins/com.st.stm32cube.ide.mcu.externaltools.gnu-tools-for-stm32.9-2020-q2-update.win32_2.0.0.202105311346/tools/bin/../lib/gcc/arm-none-eabi/9.3.1/../../../../arm-none-eabi/lib/thumb/v7-m/nofp\libc_nano.a(lib_a-malloc.o)
                0x0000000008002c60                malloc
 .text.memset   0x0000000008002c70       0x10 d:/stm32cubeide/stm32cubeide_1.7.0/stm32cubeide/plugins/com.st.stm32cube.ide.mcu.externaltools.gnu-tools-for-stm32.9-2020-q2-update.win32_2.0.0.202105311346/tools/bin/../lib/gcc/arm-none-eabi/9.3.1/../../../../arm-none-eabi/lib/thumb/v7-m/nofp\libc_nano.a(lib_a-memset.o)
                0x0000000008002c70                memset
 .text._malloc_r
                0x0000000008002c80       0xb4 d:/stm32cubeide/stm32cubeide_1.7.0/stm32cubeide/plugins/com.st.stm32cube.ide.mcu.externaltools.gnu-tools-for-stm32.9-2020-q2-update.win32_2.0.0.202105311346/tools/bin/../lib/gcc/arm-none-eabi/9.3.1/../../../../arm-none-eabi/lib/thumb/v7-m/nofp\libc_nano.a(lib_a-nano-mallocr.o)
                0x0000000008002c80                _malloc_r
 .text._sbrk_r  0x0000000008002d34       0x20 d:/stm32cubeide/stm32cubeide_1.7.0/stm32cubeide/plugins/com.st.stm32cube.ide.mcu.externaltools.gnu-tools-for-stm32.9-2020-q2-update.win32_2.0.0.202105311346/tools/bin/../lib/gcc/arm-none-eabi/9.3.1/../../../../arm-none-eabi/lib/thumb/v7-m/nofp\libc_nano.a(lib_a-sbrkr.o)
                0x0000000008002d34                _sbrk_r
 .text.__malloc_lock
                0x0000000008002d54        0xc d:/stm32cubeide/stm32cubeide_1.7.0/stm32cubeide/plugins/com.st.stm32cube.ide.mcu.externaltools.gnu-tools-for-stm32.9-2020-q2-update.win32_2.0.0.202105311346/tools/bin/../lib/gcc/arm-none-eabi/9.3.1/../../../../arm-none-eabi/lib/thumb/v7-m/nofp\libc_nano.a(lib_a-mlock.o)
                0x0000000008002d54                __malloc_lock
 .text.__malloc_unlock
                0x0000000008002d60        0xc d:/stm32cubeide/stm32cubeide_1.7.0/stm32cubeide/plugins/com.st.stm32cube.ide.mcu.externaltools.gnu-tools-for-stm32.9-2020-q2-update.win32_2.0.0.202105311346/tools/bin/../lib/gcc/arm-none-eabi/9.3.1/../../../../arm-none-eabi/lib/thumb/v7-m/nofp\libc_nano.a(lib_a-mlock.o)
                0x0000000008002d60                __malloc_unlock
 .text.__retarget_lock_acquire_recursive
                0x0000000008002d6c        0x2 d:/stm32cubeide/stm32cubeide_1.7.0/stm32cubeide/plugins/com.st.stm32cube.ide.mcu.externaltools.gnu-tools-for-stm32.9-2020-q2-update.win32_2.0.0.202105311346/tools/bin/../lib/gcc/arm-none-eabi/9.3.1/../../../../arm-none-eabi/lib/thumb/v7-m/nofp\libc_nano.a(lib_a-lock.o)
                0x0000000008002d6c                __retarget_lock_acquire_recursive
 .text.__retarget_lock_release_recursive
                0x0000000008002d6e        0x2 d:/stm32cubeide/stm32cubeide_1.7.0/stm32cubeide/plugins/com.st.stm32cube.ide.mcu.externaltools.gnu-tools-for-stm32.9-2020-q2-update.win32_2.0.0.202105311346/tools/bin/../lib/gcc/arm-none-eabi/9.3.1/../../../../arm-none-eabi/lib/thumb/v7-m/nofp\libc_nano.a(lib_a-lock.o)
                0x0000000008002d6e                __retarget_lock_release_recursive
 *(.glue_7)
 .glue_7        0x0000000008002d70        0x0 linker stubs
 *(.glue_7t)
 .glue_7t       0x0000000008002d70        0x0 linker stubs
 *(.eh_frame)
 .eh_frame      0x0000000008002d70        0x0 d:/stm32cubeide/stm32cubeide_1.7.0/stm32cubeide/plugins/com.st.stm32cube.ide.mcu.externaltools.gnu-tools-for-stm32.9-2020-q2-update.win32_2.0.0.202105311346/tools/bin/../lib/gcc/arm-none-eabi/9.3.1/thumb/v7-m/nofp/crtbegin.o
 *(.init)
 .init          0x0000000008002d70        0x4 d:/stm32cubeide/stm32cubeide_1.7.0/stm32cubeide/plugins/com.st.stm32cube.ide.mcu.externaltools.gnu-tools-for-stm32.9-2020-q2-update.win32_2.0.0.202105311346/tools/bin/../lib/gcc/arm-none-eabi/9.3.1/thumb/v7-m/nofp/crti.o
                0x0000000008002d70                _init
 .init          0x0000000008002d74        0x8 d:/stm32cubeide/stm32cubeide_1.7.0/stm32cubeide/plugins/com.st.stm32cube.ide.mcu.externaltools.gnu-tools-for-stm32.9-2020-q2-update.win32_2.0.0.202105311346/tools/bin/../lib/gcc/arm-none-eabi/9.3.1/thumb/v7-m/nofp/crtn.o
 *(.fini)
 .fini          0x0000000008002d7c        0x4 d:/stm32cubeide/stm32cubeide_1.7.0/stm32cubeide/plugins/com.st.stm32cube.ide.mcu.externaltools.gnu-tools-for-stm32.9-2020-q2-update.win32_2.0.0.202105311346/tools/bin/../lib/gcc/arm-none-eabi/9.3.1/thumb/v7-m/nofp/crti.o
                0x0000000008002d7c                _fini
 .fini          0x0000000008002d80        0x8 d:/stm32cubeide/stm32cubeide_1.7.0/stm32cubeide/plugins/com.st.stm32cube.ide.mcu.externaltools.gnu-tools-for-stm32.9-2020-q2-update.win32_2.0.0.202105311346/tools/bin/../lib/gcc/arm-none-eabi/9.3.1/thumb/v7-m/nofp/crtn.o
                0x0000000008002d88                . = ALIGN (0x4)
                0x0000000008002d88                _etext = .

.vfp11_veneer   0x0000000008002d88        0x0
 .vfp11_veneer  0x0000000008002d88        0x0 linker stubs

.v4_bx          0x0000000008002d88        0x0
 .v4_bx         0x0000000008002d88        0x0 linker stubs

.iplt           0x0000000008002d88        0x0
 .iplt          0x0000000008002d88        0x0 d:/stm32cubeide/stm32cubeide_1.7.0/stm32cubeide/plugins/com.st.stm32cube.ide.mcu.externaltools.gnu-tools-for-stm32.9-2020-q2-update.win32_2.0.0.202105311346/tools/bin/../lib/gcc/arm-none-eabi/9.3.1/thumb/v7-m/nofp/crtbegin.o

.rodata         0x0000000008002d88       0x50
                0x0000000008002d88                . = ALIGN (0x4)
 *(.rodata)
 .rodata        0x0000000008002d88       0x10 ./Drivers/STM32F1xx_HAL_Driver/Src/stm32f1xx_hal_rcc.o
 *(.rodata*)
 .rodata.seg7_port
                0x0000000008002d98        0xe ./Core/Src/main.o
                0x0000000008002d98                seg7_port
 *fill*         0x0000000008002da6        0x2 
 .rodata.seg7_en
                0x0000000008002da8        0x8 ./Core/Src/main.o
                0x0000000008002da8                seg7_en
 .rodata.button_port
                0x0000000008002db0        0x8 ./Core/Src/main.o
                0x0000000008002db0                button_port
 .rodata.traffic_port
                0x0000000008002db8        0xc ./Core/Src/main.o
                0x0000000008002db8                traffic_port
 .rodata.AHBPrescTable
                0x0000000008002dc4       0x10 ./Core/Src/system_stm32f1xx.o
                0x0000000008002dc4                AHBPrescTable
 .rodata._global_impure_ptr
                0x0000000008002dd4        0x4 d:/stm32cubeide/stm32cubeide_1.7.0/stm32cubeide/plugins/com.st.stm32cube.ide.mcu.externaltools.gnu-tools-for-stm32.9-2020-q2-update.win32_2.0.0.202105311346/tools/bin/../lib/gcc/arm-none-eabi/9.3.1/../../../../arm-none-eabi/lib/thumb/v7-m/nofp\libc_nano.a(lib_a-impure.o)
                0x0000000008002dd4                _global_impure_ptr
                0x0000000008002dd8                . = ALIGN (0x4)

.rel.dyn        0x0000000008002dd8        0x0
 .rel.iplt      0x0000000008002dd8        0x0 d:/stm32cubeide/stm32cubeide_1.7.0/stm32cubeide/plugins/com.st.stm32cube.ide.mcu.externaltools.gnu-tools-for-stm32.9-2020-q2-update.win32_2.0.0.202105311346/tools/bin/../lib/gcc/arm-none-eabi/9.3.1/thumb/v7-m/nofp/crtbegin.o

.ARM.extab      0x0000000008002dd8        0x0
                0x0000000008002dd8                . = ALIGN (0x4)
 *(.ARM.extab* .gnu.linkonce.armextab.*)
                0x0000000008002dd8                . = ALIGN (0x4)

.ARM            0x0000000008002dd8        0x0
                0x0000000008002dd8                . = ALIGN (0x4)
                0x0000000008002dd8                __exidx_start = .
 *(.ARM.exidx*)
                0x0000000008002dd8                __exidx_end = .
                0x0000000008002dd8                . = ALIGN (0x4)

.preinit_array  0x0000000008002dd8        0x0
                0x0000000008002dd8                . = ALIGN (0x4)
                0x0000000008002dd8                PROVIDE (__preinit_array_start = .)
 *(.preinit_array*)
                0x0000000008002dd8                PROVIDE (__preinit_array_end = .)
                0x0000000008002dd8                . = ALIGN (0x4)

.init_array     0x0000000008002dd8        0x4
                0x0000000008002dd8                . = ALIGN (0x4)
                0x0000000008002dd8                PROVIDE (__init_array_start = .)
 *(SORT_BY_NAME(.init_array.*))
 *(.init_array*)
 .init_array    0x0000000008002dd8        0x4 d:/stm32cubeide/stm32cubeide_1.7.0/stm32cubeide/plugins/com.st.stm32cube.ide.mcu.externaltools.gnu-tools-for-stm32.9-2020-q2-update.win32_2.0.0.202105311346/tools/bin/../lib/gcc/arm-none-eabi/9.3.1/thumb/v7-m/nofp/crtbegin.o
                0x0000000008002ddc                PROVIDE (__init_array_end = .)
                0x0000000008002ddc                . = ALIGN (0x4)

.fini_array     0x0000000008002ddc        0x4
                0x0000000008002ddc                . = ALIGN (0x4)
                [!provide]                        PROVIDE (__fini_array_start = .)
 *(SORT_BY_NAME(.fini_array.*))
 *(.fini_array*)
 .fini_array    0x0000000008002ddc        0x4 d:/stm32cubeide/stm32cubeide_1.7.0/stm32cubeide/plugins/com.st.stm32cube.ide.mcu.externaltools.gnu-tools-for-stm32.9-2020-q2-update.win32_2.0.0.202105311346/tools/bin/../lib/gcc/arm-none-eabi/9.3.1/thumb/v7-m/nofp/crtbegin.o
                [!provide]                        PROVIDE (__fini_array_end = .)
                0x0000000008002de0                . = ALIGN (0x4)
                0x0000000008002de0                _sidata = LOADADDR (.data)

.data           0x0000000020000000       0x94 load address 0x0000000008002de0
                0x0000000020000000                . = ALIGN (0x4)
                0x0000000020000000                _sdata = .
 *(.data)
 *(.data*)
 .data.seg7Hex  0x0000000020000000        0xb ./Core/Src/led7_display.o
 *fill*         0x000000002000000b        0x1 
 .data.buffer_led7
                0x000000002000000c        0x4 ./Core/Src/main.o
                0x000000002000000c                buffer_led7
 .data.traffic_time
                0x0000000020000010        0x6 ./Core/Src/main.o
                0x0000000020000010                traffic_time
 *fill*         0x0000000020000016        0x2 
 .data.traffic_time_update
                0x0000000020000018        0x6 ./Core/Src/main.o
                0x0000000020000018                traffic_time_update
 *fill*         0x000000002000001e        0x2 
 .data.SystemCoreClock
                0x0000000020000020        0x4 ./Core/Src/system_stm32f1xx.o
                0x0000000020000020                SystemCoreClock
 .data.readyForNewPeriod
                0x0000000020000024        0x1 ./Core/Src/traffic.o
 *fill*         0x0000000020000025        0x3 
 .data.uwTickPrio
                0x0000000020000028        0x4 ./Drivers/STM32F1xx_HAL_Driver/Src/stm32f1xx_hal.o
                0x0000000020000028                uwTickPrio
 .data.uwTickFreq
                0x000000002000002c        0x1 ./Drivers/STM32F1xx_HAL_Driver/Src/stm32f1xx_hal.o
                0x000000002000002c                uwTickFreq
 *fill*         0x000000002000002d        0x3 
 .data._impure_ptr
                0x0000000020000030        0x4 d:/stm32cubeide/stm32cubeide_1.7.0/stm32cubeide/plugins/com.st.stm32cube.ide.mcu.externaltools.gnu-tools-for-stm32.9-2020-q2-update.win32_2.0.0.202105311346/tools/bin/../lib/gcc/arm-none-eabi/9.3.1/../../../../arm-none-eabi/lib/thumb/v7-m/nofp\libc_nano.a(lib_a-impure.o)
                0x0000000020000030                _impure_ptr
 .data.impure_data
                0x0000000020000034       0x60 d:/stm32cubeide/stm32cubeide_1.7.0/stm32cubeide/plugins/com.st.stm32cube.ide.mcu.externaltools.gnu-tools-for-stm32.9-2020-q2-update.win32_2.0.0.202105311346/tools/bin/../lib/gcc/arm-none-eabi/9.3.1/../../../../arm-none-eabi/lib/thumb/v7-m/nofp\libc_nano.a(lib_a-impure.o)
 *(.RamFunc)
 *(.RamFunc*)
                0x0000000020000094                . = ALIGN (0x4)
                0x0000000020000094                _edata = .

.igot.plt       0x0000000020000094        0x0 load address 0x0000000008002e74
 .igot.plt      0x0000000020000094        0x0 d:/stm32cubeide/stm32cubeide_1.7.0/stm32cubeide/plugins/com.st.stm32cube.ide.mcu.externaltools.gnu-tools-for-stm32.9-2020-q2-update.win32_2.0.0.202105311346/tools/bin/../lib/gcc/arm-none-eabi/9.3.1/thumb/v7-m/nofp/crtbegin.o
                0x0000000020000094                . = ALIGN (0x4)

.bss            0x0000000020000094       0xec load address 0x0000000008002e74
                0x0000000020000094                _sbss = .
                0x0000000020000094                __bss_start__ = _sbss
 *(.bss)
 .bss           0x0000000020000094       0x1c d:/stm32cubeide/stm32cubeide_1.7.0/stm32cubeide/plugins/com.st.stm32cube.ide.mcu.externaltools.gnu-tools-for-stm32.9-2020-q2-update.win32_2.0.0.202105311346/tools/bin/../lib/gcc/arm-none-eabi/9.3.1/thumb/v7-m/nofp/crtbegin.o
 *(.bss*)
 .bss.flagPressed
                0x00000000200000b0        0x4 ./Core/Src/input_processing.o
 .bss.buttonBuffer
                0x00000000200000b4        0x4 ./Core/Src/input_reading.o
 .bss.debounceButtonBuffer1
                0x00000000200000b8        0x4 ./Core/Src/input_reading.o
 .bss.debounceButtonBuffer2
                0x00000000200000bc        0x4 ./Core/Src/input_reading.o
 .bss.NO_OF_LED7
                0x00000000200000c0        0x4 ./Core/Src/led7_display.o
 .bss.seg7Port  0x00000000200000c4        0x4 ./Core/Src/led7_display.o
 .bss.seg7En    0x00000000200000c8        0x4 ./Core/Src/led7_display.o
 .bss.seg7Val   0x00000000200000cc        0x4 ./Core/Src/led7_display.o
 .bss.allseg    0x00000000200000d0        0x2 ./Core/Src/led7_display.o
 .bss.trafficMode
                0x00000000200000d2        0x1 ./Core/Src/main.o
                0x00000000200000d2                trafficMode
 .bss.updateFlag
                0x00000000200000d3        0x1 ./Core/Src/main.o
                0x00000000200000d3                updateFlag
 .bss.index.6738
                0x00000000200000d4        0x1 ./Core/Src/main.o
 *fill*         0x00000000200000d5        0x3 
 .bss.__sbrk_heap_end
                0x00000000200000d8        0x4 ./Core/Src/sysmem.o
 .bss.TIMER_CYCLE
                0x00000000200000dc        0x4 ./Core/Src/timer.o
 .bss.NO_OF_MIL_TIMERS
                0x00000000200000e0        0x4 ./Core/Src/timer.o
 .bss.NO_OF_SEC_TIMERS
                0x00000000200000e4        0x4 ./Core/Src/timer.o
 .bss.timer_mil_counter
                0x00000000200000e8        0x4 ./Core/Src/timer.o
 .bss.timer_sec_counter
                0x00000000200000ec        0x4 ./Core/Src/timer.o
 .bss.timer_mil_flag
                0x00000000200000f0        0x4 ./Core/Src/timer.o
 .bss.timer_sec_flag
                0x00000000200000f4        0x4 ./Core/Src/timer.o
 .bss.timer_mil_stop
                0x00000000200000f8        0x4 ./Core/Src/timer.o
 .bss.timer_sec_stop
                0x00000000200000fc        0x4 ./Core/Src/timer.o
 .bss.ver_state
                0x0000000020000100        0x1 ./Core/Src/traffic.o
 .bss.hor_state
                0x0000000020000101        0x1 ./Core/Src/traffic.o
 *fill*         0x0000000020000102        0x2 
 .bss.lightPort
                0x0000000020000104        0x4 ./Core/Src/traffic.o
 .bss.lightTime
                0x0000000020000108        0x4 ./Core/Src/traffic.o
 .bss.allpin    0x000000002000010c        0x2 ./Core/Src/traffic.o
 .bss.periodDone
                0x000000002000010e        0x1 ./Core/Src/traffic.o
 *fill*         0x000000002000010f        0x1 
 .bss.__malloc_free_list
                0x0000000020000110        0x4 d:/stm32cubeide/stm32cubeide_1.7.0/stm32cubeide/plugins/com.st.stm32cube.ide.mcu.externaltools.gnu-tools-for-stm32.9-2020-q2-update.win32_2.0.0.202105311346/tools/bin/../lib/gcc/arm-none-eabi/9.3.1/../../../../arm-none-eabi/lib/thumb/v7-m/nofp\libc_nano.a(lib_a-nano-mallocr.o)
                0x0000000020000110                __malloc_free_list
 .bss.__malloc_sbrk_start
                0x0000000020000114        0x4 d:/stm32cubeide/stm32cubeide_1.7.0/stm32cubeide/plugins/com.st.stm32cube.ide.mcu.externaltools.gnu-tools-for-stm32.9-2020-q2-update.win32_2.0.0.202105311346/tools/bin/../lib/gcc/arm-none-eabi/9.3.1/../../../../arm-none-eabi/lib/thumb/v7-m/nofp\libc_nano.a(lib_a-nano-mallocr.o)
                0x0000000020000114                __malloc_sbrk_start
 *(COMMON)
 COMMON         0x0000000020000118        0x4 ./Core/Src/input_processing.o
                0x0000000020000118                buttonState
 COMMON         0x000000002000011c        0x8 ./Core/Src/input_reading.o
                0x000000002000011c                NO_OF_BUTTONS
                0x0000000020000120                buttonPort
 COMMON         0x0000000020000124       0x48 ./Core/Src/main.o
                0x0000000020000124                htim2
 COMMON         0x000000002000016c        0x4 ./Drivers/STM32F1xx_HAL_Driver/Src/stm32f1xx_hal.o
                0x000000002000016c                uwTick
 COMMON         0x0000000020000170        0x4 d:/stm32cubeide/stm32cubeide_1.7.0/stm32cubeide/plugins/com.st.stm32cube.ide.mcu.externaltools.gnu-tools-for-stm32.9-2020-q2-update.win32_2.0.0.202105311346/tools/bin/../lib/gcc/arm-none-eabi/9.3.1/../../../../arm-none-eabi/lib/thumb/v7-m/nofp\libc_nano.a(lib_a-reent.o)
                0x0000000020000170                errno
 COMMON         0x0000000020000174        0x9 d:/stm32cubeide/stm32cubeide_1.7.0/stm32cubeide/plugins/com.st.stm32cube.ide.mcu.externaltools.gnu-tools-for-stm32.9-2020-q2-update.win32_2.0.0.202105311346/tools/bin/../lib/gcc/arm-none-eabi/9.3.1/../../../../arm-none-eabi/lib/thumb/v7-m/nofp\libc_nano.a(lib_a-lock.o)
                0x0000000020000174                __lock___atexit_recursive_mutex
                0x0000000020000175                __lock___arc4random_mutex
                0x0000000020000176                __lock___env_recursive_mutex
                0x0000000020000177                __lock___sinit_recursive_mutex
                0x0000000020000178                __lock___malloc_recursive_mutex
                0x0000000020000179                __lock___at_quick_exit_mutex
                0x000000002000017a                __lock___dd_hash_mutex
                0x000000002000017b                __lock___tz_mutex
                0x000000002000017c                __lock___sfp_recursive_mutex
                0x0000000020000180                . = ALIGN (0x4)
 *fill*         0x000000002000017d        0x3 
                0x0000000020000180                _ebss = .
                0x0000000020000180                __bss_end__ = _ebss

._user_heap_stack
                0x0000000020000180      0x600 load address 0x0000000008002e74
                0x0000000020000180                . = ALIGN (0x8)
                [!provide]                        PROVIDE (end = .)
                0x0000000020000180                PROVIDE (_end = .)
                0x0000000020000380                . = (. + _Min_Heap_Size)
 *fill*         0x0000000020000180      0x200 
                0x0000000020000780                . = (. + _Min_Stack_Size)
 *fill*         0x0000000020000380      0x400 
                0x0000000020000780                . = ALIGN (0x8)

/DISCARD/
 libc.a(*)
 libm.a(*)
 libgcc.a(*)

.ARM.attributes
                0x0000000000000000       0x29
 *(.ARM.attributes)
 .ARM.attributes
                0x0000000000000000       0x1d d:/stm32cubeide/stm32cubeide_1.7.0/stm32cubeide/plugins/com.st.stm32cube.ide.mcu.externaltools.gnu-tools-for-stm32.9-2020-q2-update.win32_2.0.0.202105311346/tools/bin/../lib/gcc/arm-none-eabi/9.3.1/thumb/v7-m/nofp/crti.o
 .ARM.attributes
                0x000000000000001d       0x2d d:/stm32cubeide/stm32cubeide_1.7.0/stm32cubeide/plugins/com.st.stm32cube.ide.mcu.externaltools.gnu-tools-for-stm32.9-2020-q2-update.win32_2.0.0.202105311346/tools/bin/../lib/gcc/arm-none-eabi/9.3.1/thumb/v7-m/nofp/crtbegin.o
 .ARM.attributes
                0x000000000000004a       0x2d ./Core/Src/input_processing.o
 .ARM.attributes
                0x0000000000000077       0x2d ./Core/Src/input_reading.o
 .ARM.attributes
                0x00000000000000a4       0x2d ./Core/Src/led7_display.o
 .ARM.attributes
                0x00000000000000d1       0x2d ./Core/Src/main.o
 .ARM.attributes
                0x00000000000000fe       0x2d ./Core/Src/stm32f1xx_hal_msp.o
 .ARM.attributes
                0x000000000000012b       0x2d ./Core/Src/stm32f1xx_it.o
 .ARM.attributes
                0x0000000000000158       0x2d ./Core/Src/syscalls.o
 .ARM.attributes
                0x0000000000000185       0x2d ./Core/Src/sysmem.o
 .ARM.attributes
                0x00000000000001b2       0x2d ./Core/Src/system_stm32f1xx.o
 .ARM.attributes
                0x00000000000001df       0x2d ./Core/Src/timer.o
 .ARM.attributes
                0x000000000000020c       0x2d ./Core/Src/traffic.o
 .ARM.attributes
                0x0000000000000239       0x21 ./Core/Startup/startup_stm32f103c6tx.o
 .ARM.attributes
                0x000000000000025a       0x2d ./Drivers/STM32F1xx_HAL_Driver/Src/stm32f1xx_hal.o
 .ARM.attributes
                0x0000000000000287       0x2d ./Drivers/STM32F1xx_HAL_Driver/Src/stm32f1xx_hal_cortex.o
 .ARM.attributes
                0x00000000000002b4       0x2d ./Drivers/STM32F1xx_HAL_Driver/Src/stm32f1xx_hal_gpio.o
 .ARM.attributes
                0x00000000000002e1       0x2d ./Drivers/STM32F1xx_HAL_Driver/Src/stm32f1xx_hal_rcc.o
 .ARM.attributes
                0x000000000000030e       0x2d ./Drivers/STM32F1xx_HAL_Driver/Src/stm32f1xx_hal_tim.o
 .ARM.attributes
                0x000000000000033b       0x2d ./Drivers/STM32F1xx_HAL_Driver/Src/stm32f1xx_hal_tim_ex.o
 .ARM.attributes
                0x0000000000000368       0x2d d:/stm32cubeide/stm32cubeide_1.7.0/stm32cubeide/plugins/com.st.stm32cube.ide.mcu.externaltools.gnu-tools-for-stm32.9-2020-q2-update.win32_2.0.0.202105311346/tools/bin/../lib/gcc/arm-none-eabi/9.3.1/../../../../arm-none-eabi/lib/thumb/v7-m/nofp\libc_nano.a(lib_a-errno.o)
 .ARM.attributes
                0x0000000000000395       0x2d d:/stm32cubeide/stm32cubeide_1.7.0/stm32cubeide/plugins/com.st.stm32cube.ide.mcu.externaltools.gnu-tools-for-stm32.9-2020-q2-update.win32_2.0.0.202105311346/tools/bin/../lib/gcc/arm-none-eabi/9.3.1/../../../../arm-none-eabi/lib/thumb/v7-m/nofp\libc_nano.a(lib_a-exit.o)
 .ARM.attributes
                0x00000000000003c2       0x2d d:/stm32cubeide/stm32cubeide_1.7.0/stm32cubeide/plugins/com.st.stm32cube.ide.mcu.externaltools.gnu-tools-for-stm32.9-2020-q2-update.win32_2.0.0.202105311346/tools/bin/../lib/gcc/arm-none-eabi/9.3.1/../../../../arm-none-eabi/lib/thumb/v7-m/nofp\libc_nano.a(lib_a-impure.o)
 .ARM.attributes
                0x00000000000003ef       0x2d d:/stm32cubeide/stm32cubeide_1.7.0/stm32cubeide/plugins/com.st.stm32cube.ide.mcu.externaltools.gnu-tools-for-stm32.9-2020-q2-update.win32_2.0.0.202105311346/tools/bin/../lib/gcc/arm-none-eabi/9.3.1/../../../../arm-none-eabi/lib/thumb/v7-m/nofp\libc_nano.a(lib_a-init.o)
 .ARM.attributes
                0x000000000000041c       0x2d d:/stm32cubeide/stm32cubeide_1.7.0/stm32cubeide/plugins/com.st.stm32cube.ide.mcu.externaltools.gnu-tools-for-stm32.9-2020-q2-update.win32_2.0.0.202105311346/tools/bin/../lib/gcc/arm-none-eabi/9.3.1/../../../../arm-none-eabi/lib/thumb/v7-m/nofp\libc_nano.a(lib_a-malloc.o)
 .ARM.attributes
                0x0000000000000449       0x2d d:/stm32cubeide/stm32cubeide_1.7.0/stm32cubeide/plugins/com.st.stm32cube.ide.mcu.externaltools.gnu-tools-for-stm32.9-2020-q2-update.win32_2.0.0.202105311346/tools/bin/../lib/gcc/arm-none-eabi/9.3.1/../../../../arm-none-eabi/lib/thumb/v7-m/nofp\libc_nano.a(lib_a-memset.o)
 .ARM.attributes
                0x0000000000000476       0x2d d:/stm32cubeide/stm32cubeide_1.7.0/stm32cubeide/plugins/com.st.stm32cube.ide.mcu.externaltools.gnu-tools-for-stm32.9-2020-q2-update.win32_2.0.0.202105311346/tools/bin/../lib/gcc/arm-none-eabi/9.3.1/../../../../arm-none-eabi/lib/thumb/v7-m/nofp\libc_nano.a(lib_a-nano-mallocr.o)
 .ARM.attributes
                0x00000000000004a3       0x2d d:/stm32cubeide/stm32cubeide_1.7.0/stm32cubeide/plugins/com.st.stm32cube.ide.mcu.externaltools.gnu-tools-for-stm32.9-2020-q2-update.win32_2.0.0.202105311346/tools/bin/../lib/gcc/arm-none-eabi/9.3.1/../../../../arm-none-eabi/lib/thumb/v7-m/nofp\libc_nano.a(lib_a-sbrkr.o)
 .ARM.attributes
                0x00000000000004d0       0x2d d:/stm32cubeide/stm32cubeide_1.7.0/stm32cubeide/plugins/com.st.stm32cube.ide.mcu.externaltools.gnu-tools-for-stm32.9-2020-q2-update.win32_2.0.0.202105311346/tools/bin/../lib/gcc/arm-none-eabi/9.3.1/../../../../arm-none-eabi/lib/thumb/v7-m/nofp\libc_nano.a(lib_a-mlock.o)
 .ARM.attributes
                0x00000000000004fd       0x2d d:/stm32cubeide/stm32cubeide_1.7.0/stm32cubeide/plugins/com.st.stm32cube.ide.mcu.externaltools.gnu-tools-for-stm32.9-2020-q2-update.win32_2.0.0.202105311346/tools/bin/../lib/gcc/arm-none-eabi/9.3.1/../../../../arm-none-eabi/lib/thumb/v7-m/nofp\libc_nano.a(lib_a-reent.o)
 .ARM.attributes
                0x000000000000052a       0x2d d:/stm32cubeide/stm32cubeide_1.7.0/stm32cubeide/plugins/com.st.stm32cube.ide.mcu.externaltools.gnu-tools-for-stm32.9-2020-q2-update.win32_2.0.0.202105311346/tools/bin/../lib/gcc/arm-none-eabi/9.3.1/../../../../arm-none-eabi/lib/thumb/v7-m/nofp\libc_nano.a(lib_a-lock.o)
 .ARM.attributes
                0x0000000000000557       0x1d d:/stm32cubeide/stm32cubeide_1.7.0/stm32cubeide/plugins/com.st.stm32cube.ide.mcu.externaltools.gnu-tools-for-stm32.9-2020-q2-update.win32_2.0.0.202105311346/tools/bin/../lib/gcc/arm-none-eabi/9.3.1/thumb/v7-m/nofp/crtn.o
OUTPUT(chapter3OOP.elf elf32-littlearm)
LOAD linker stubs
LOAD d:/stm32cubeide/stm32cubeide_1.7.0/stm32cubeide/plugins/com.st.stm32cube.ide.mcu.externaltools.gnu-tools-for-stm32.9-2020-q2-update.win32_2.0.0.202105311346/tools/bin/../lib/gcc/arm-none-eabi/9.3.1/../../../../arm-none-eabi/lib/thumb/v7-m/nofp\libc.a
LOAD d:/stm32cubeide/stm32cubeide_1.7.0/stm32cubeide/plugins/com.st.stm32cube.ide.mcu.externaltools.gnu-tools-for-stm32.9-2020-q2-update.win32_2.0.0.202105311346/tools/bin/../lib/gcc/arm-none-eabi/9.3.1/../../../../arm-none-eabi/lib/thumb/v7-m/nofp\libm.a
LOAD d:/stm32cubeide/stm32cubeide_1.7.0/stm32cubeide/plugins/com.st.stm32cube.ide.mcu.externaltools.gnu-tools-for-stm32.9-2020-q2-update.win32_2.0.0.202105311346/tools/bin/../lib/gcc/arm-none-eabi/9.3.1/thumb/v7-m/nofp\libgcc.a

.debug_info     0x0000000000000000     0xebaa
 .debug_info    0x0000000000000000      0xb86 ./Core/Src/input_processing.o
 .debug_info    0x0000000000000b86      0xc02 ./Core/Src/input_reading.o
 .debug_info    0x0000000000001788      0xc76 ./Core/Src/led7_display.o
 .debug_info    0x00000000000023fe     0x17c4 ./Core/Src/main.o
 .debug_info    0x0000000000003bc2      0xa04 ./Core/Src/stm32f1xx_hal_msp.o
 .debug_info    0x00000000000045c6      0x7b4 ./Core/Src/stm32f1xx_it.o
 .debug_info    0x0000000000004d7a      0xfa8 ./Core/Src/syscalls.o
 .debug_info    0x0000000000005d22      0xa25 ./Core/Src/sysmem.o
 .debug_info    0x0000000000006747      0x2be ./Core/Src/system_stm32f1xx.o
 .debug_info    0x0000000000006a05     0x1350 ./Core/Src/timer.o
 .debug_info    0x0000000000007d55      0xc80 ./Core/Src/traffic.o
 .debug_info    0x00000000000089d5       0x22 ./Core/Startup/startup_stm32f103c6tx.o
 .debug_info    0x00000000000089f7      0x74c ./Drivers/STM32F1xx_HAL_Driver/Src/stm32f1xx_hal.o
 .debug_info    0x0000000000009143      0xbbe ./Drivers/STM32F1xx_HAL_Driver/Src/stm32f1xx_hal_cortex.o
 .debug_info    0x0000000000009d01      0x701 ./Drivers/STM32F1xx_HAL_Driver/Src/stm32f1xx_hal_gpio.o
 .debug_info    0x000000000000a402      0x88e ./Drivers/STM32F1xx_HAL_Driver/Src/stm32f1xx_hal_rcc.o
 .debug_info    0x000000000000ac90     0x2a45 ./Drivers/STM32F1xx_HAL_Driver/Src/stm32f1xx_hal_tim.o
 .debug_info    0x000000000000d6d5     0x14d5 ./Drivers/STM32F1xx_HAL_Driver/Src/stm32f1xx_hal_tim_ex.o

.debug_abbrev   0x0000000000000000     0x2578
 .debug_abbrev  0x0000000000000000      0x25c ./Core/Src/input_processing.o
 .debug_abbrev  0x000000000000025c      0x24b ./Core/Src/input_reading.o
 .debug_abbrev  0x00000000000004a7      0x23a ./Core/Src/led7_display.o
 .debug_abbrev  0x00000000000006e1      0x2e7 ./Core/Src/main.o
 .debug_abbrev  0x00000000000009c8      0x1b7 ./Core/Src/stm32f1xx_hal_msp.o
 .debug_abbrev  0x0000000000000b7f      0x176 ./Core/Src/stm32f1xx_it.o
 .debug_abbrev  0x0000000000000cf5      0x286 ./Core/Src/syscalls.o
 .debug_abbrev  0x0000000000000f7b      0x1bf ./Core/Src/sysmem.o
 .debug_abbrev  0x000000000000113a      0x14e ./Core/Src/system_stm32f1xx.o
 .debug_abbrev  0x0000000000001288      0x287 ./Core/Src/timer.o
 .debug_abbrev  0x000000000000150f      0x238 ./Core/Src/traffic.o
 .debug_abbrev  0x0000000000001747       0x12 ./Core/Startup/startup_stm32f103c6tx.o
 .debug_abbrev  0x0000000000001759      0x1ed ./Drivers/STM32F1xx_HAL_Driver/Src/stm32f1xx_hal.o
 .debug_abbrev  0x0000000000001946      0x313 ./Drivers/STM32F1xx_HAL_Driver/Src/stm32f1xx_hal_cortex.o
 .debug_abbrev  0x0000000000001c59      0x1e8 ./Drivers/STM32F1xx_HAL_Driver/Src/stm32f1xx_hal_gpio.o
 .debug_abbrev  0x0000000000001e41      0x273 ./Drivers/STM32F1xx_HAL_Driver/Src/stm32f1xx_hal_rcc.o
 .debug_abbrev  0x00000000000020b4      0x25e ./Drivers/STM32F1xx_HAL_Driver/Src/stm32f1xx_hal_tim.o
 .debug_abbrev  0x0000000000002312      0x266 ./Drivers/STM32F1xx_HAL_Driver/Src/stm32f1xx_hal_tim_ex.o

.debug_aranges  0x0000000000000000      0xb68
 .debug_aranges
                0x0000000000000000       0x38 ./Core/Src/input_processing.o
 .debug_aranges
                0x0000000000000038       0x30 ./Core/Src/input_reading.o
 .debug_aranges
                0x0000000000000068       0x28 ./Core/Src/led7_display.o
 .debug_aranges
                0x0000000000000090       0x70 ./Core/Src/main.o
 .debug_aranges
                0x0000000000000100       0x30 ./Core/Src/stm32f1xx_hal_msp.o
 .debug_aranges
                0x0000000000000130       0x68 ./Core/Src/stm32f1xx_it.o
 .debug_aranges
                0x0000000000000198       0xa8 ./Core/Src/syscalls.o
 .debug_aranges
                0x0000000000000240       0x20 ./Core/Src/sysmem.o
 .debug_aranges
                0x0000000000000260       0x28 ./Core/Src/system_stm32f1xx.o
 .debug_aranges
                0x0000000000000288       0x78 ./Core/Src/timer.o
 .debug_aranges
                0x0000000000000300       0x40 ./Core/Src/traffic.o
 .debug_aranges
                0x0000000000000340       0x28 ./Core/Startup/startup_stm32f103c6tx.o
 .debug_aranges
                0x0000000000000368       0xe0 ./Drivers/STM32F1xx_HAL_Driver/Src/stm32f1xx_hal.o
 .debug_aranges
                0x0000000000000448      0x100 ./Drivers/STM32F1xx_HAL_Driver/Src/stm32f1xx_hal_cortex.o
 .debug_aranges
                0x0000000000000548       0x58 ./Drivers/STM32F1xx_HAL_Driver/Src/stm32f1xx_hal_gpio.o
 .debug_aranges
                0x00000000000005a0       0x90 ./Drivers/STM32F1xx_HAL_Driver/Src/stm32f1xx_hal_rcc.o
 .debug_aranges
                0x0000000000000630      0x3d0 ./Drivers/STM32F1xx_HAL_Driver/Src/stm32f1xx_hal_tim.o
 .debug_aranges
                0x0000000000000a00      0x168 ./Drivers/STM32F1xx_HAL_Driver/Src/stm32f1xx_hal_tim_ex.o

.debug_ranges   0x0000000000000000      0xa50
 .debug_ranges  0x0000000000000000       0x28 ./Core/Src/input_processing.o
 .debug_ranges  0x0000000000000028       0x20 ./Core/Src/input_reading.o
 .debug_ranges  0x0000000000000048       0x18 ./Core/Src/led7_display.o
 .debug_ranges  0x0000000000000060       0x60 ./Core/Src/main.o
 .debug_ranges  0x00000000000000c0       0x20 ./Core/Src/stm32f1xx_hal_msp.o
 .debug_ranges  0x00000000000000e0       0x58 ./Core/Src/stm32f1xx_it.o
 .debug_ranges  0x0000000000000138       0x98 ./Core/Src/syscalls.o
 .debug_ranges  0x00000000000001d0       0x10 ./Core/Src/sysmem.o
 .debug_ranges  0x00000000000001e0       0x18 ./Core/Src/system_stm32f1xx.o
 .debug_ranges  0x00000000000001f8       0x68 ./Core/Src/timer.o
 .debug_ranges  0x0000000000000260       0x30 ./Core/Src/traffic.o
 .debug_ranges  0x0000000000000290       0x20 ./Core/Startup/startup_stm32f103c6tx.o
 .debug_ranges  0x00000000000002b0       0xd0 ./Drivers/STM32F1xx_HAL_Driver/Src/stm32f1xx_hal.o
 .debug_ranges  0x0000000000000380       0xf0 ./Drivers/STM32F1xx_HAL_Driver/Src/stm32f1xx_hal_cortex.o
 .debug_ranges  0x0000000000000470       0x48 ./Drivers/STM32F1xx_HAL_Driver/Src/stm32f1xx_hal_gpio.o
 .debug_ranges  0x00000000000004b8       0x80 ./Drivers/STM32F1xx_HAL_Driver/Src/stm32f1xx_hal_rcc.o
 .debug_ranges  0x0000000000000538      0x3c0 ./Drivers/STM32F1xx_HAL_Driver/Src/stm32f1xx_hal_tim.o
 .debug_ranges  0x00000000000008f8      0x158 ./Drivers/STM32F1xx_HAL_Driver/Src/stm32f1xx_hal_tim_ex.o

.debug_macro    0x0000000000000000    0x18b72
 .debug_macro   0x0000000000000000      0x287 ./Core/Src/input_processing.o
 .debug_macro   0x0000000000000287      0xa9c ./Core/Src/input_processing.o
 .debug_macro   0x0000000000000d23      0x215 ./Core/Src/input_processing.o
 .debug_macro   0x0000000000000f38       0x2e ./Core/Src/input_processing.o
 .debug_macro   0x0000000000000f66       0x22 ./Core/Src/input_processing.o
 .debug_macro   0x0000000000000f88       0x22 ./Core/Src/input_processing.o
 .debug_macro   0x0000000000000faa       0x8e ./Core/Src/input_processing.o
 .debug_macro   0x0000000000001038       0x51 ./Core/Src/input_processing.o
 .debug_macro   0x0000000000001089      0x103 ./Core/Src/input_processing.o
 .debug_macro   0x000000000000118c       0x6a ./Core/Src/input_processing.o
 .debug_macro   0x00000000000011f6      0x1df ./Core/Src/input_processing.o
 .debug_macro   0x00000000000013d5       0x1c ./Core/Src/input_processing.o
 .debug_macro   0x00000000000013f1       0x22 ./Core/Src/input_processing.o
 .debug_macro   0x0000000000001413       0xc3 ./Core/Src/input_processing.o
 .debug_macro   0x00000000000014d6      0xd23 ./Core/Src/input_processing.o
 .debug_macro   0x00000000000021f9     0xde75 ./Core/Src/input_processing.o
 .debug_macro   0x000000000001006e       0x6d ./Core/Src/input_processing.o
 .debug_macro   0x00000000000100db     0x3468 ./Core/Src/input_processing.o
 .debug_macro   0x0000000000013543      0x174 ./Core/Src/input_processing.o
 .debug_macro   0x00000000000136b7       0x5c ./Core/Src/input_processing.o
 .debug_macro   0x0000000000013713      0x5be ./Core/Src/input_processing.o
 .debug_macro   0x0000000000013cd1      0x1b7 ./Core/Src/input_processing.o
 .debug_macro   0x0000000000013e88      0x1cb ./Core/Src/input_processing.o
 .debug_macro   0x0000000000014053      0x114 ./Core/Src/input_processing.o
 .debug_macro   0x0000000000014167      0x1b2 ./Core/Src/input_processing.o
 .debug_macro   0x0000000000014319       0x27 ./Core/Src/input_processing.o
 .debug_macro   0x0000000000014340      0x12f ./Core/Src/input_processing.o
 .debug_macro   0x000000000001446f      0x1bc ./Core/Src/input_processing.o
 .debug_macro   0x000000000001462b       0x34 ./Core/Src/input_processing.o
 .debug_macro   0x000000000001465f       0x3c ./Core/Src/input_processing.o
 .debug_macro   0x000000000001469b       0x57 ./Core/Src/input_processing.o
 .debug_macro   0x00000000000146f2       0x88 ./Core/Src/input_processing.o
 .debug_macro   0x000000000001477a      0x183 ./Core/Src/input_processing.o
 .debug_macro   0x00000000000148fd      0x141 ./Core/Src/input_processing.o
 .debug_macro   0x0000000000014a3e      0x8d1 ./Core/Src/input_processing.o
 .debug_macro   0x000000000001530f       0x69 ./Core/Src/input_processing.o
 .debug_macro   0x0000000000015378       0xa6 ./Core/Src/input_processing.o
 .debug_macro   0x000000000001541e       0x18 ./Core/Src/input_processing.o
 .debug_macro   0x0000000000015436       0x52 ./Core/Src/input_processing.o
 .debug_macro   0x0000000000015488       0x3c ./Core/Src/input_processing.o
 .debug_macro   0x00000000000154c4       0x34 ./Core/Src/input_processing.o
 .debug_macro   0x00000000000154f8       0x16 ./Core/Src/input_processing.o
 .debug_macro   0x000000000001550e       0x35 ./Core/Src/input_processing.o
 .debug_macro   0x0000000000015543       0x16 ./Core/Src/input_processing.o
 .debug_macro   0x0000000000015559       0x43 ./Core/Src/input_processing.o
 .debug_macro   0x000000000001559c       0x34 ./Core/Src/input_processing.o
 .debug_macro   0x00000000000155d0       0x10 ./Core/Src/input_processing.o
 .debug_macro   0x00000000000155e0       0x58 ./Core/Src/input_processing.o
 .debug_macro   0x0000000000015638       0x71 ./Core/Src/input_processing.o
 .debug_macro   0x00000000000156a9       0x1c ./Core/Src/input_processing.o
 .debug_macro   0x00000000000156c5      0x12a ./Core/Src/input_processing.o
 .debug_macro   0x00000000000157ef      0x333 ./Core/Src/input_processing.o
 .debug_macro   0x0000000000015b22       0x16 ./Core/Src/input_processing.o
 .debug_macro   0x0000000000015b38       0x29 ./Core/Src/input_processing.o
 .debug_macro   0x0000000000015b61      0x289 ./Core/Src/input_reading.o
 .debug_macro   0x0000000000015dea      0x27d ./Core/Src/led7_display.o
 .debug_macro   0x0000000000016067      0x2bf ./Core/Src/main.o
 .debug_macro   0x0000000000016326      0x1a7 ./Core/Src/stm32f1xx_hal_msp.o
 .debug_macro   0x00000000000164cd      0x1b1 ./Core/Src/stm32f1xx_it.o
 .debug_macro   0x000000000001667e      0x24c ./Core/Src/syscalls.o
 .debug_macro   0x00000000000168ca       0x4c ./Core/Src/syscalls.o
 .debug_macro   0x0000000000016916       0x94 ./Core/Src/syscalls.o
 .debug_macro   0x00000000000169aa       0x57 ./Core/Src/syscalls.o
 .debug_macro   0x0000000000016a01      0x339 ./Core/Src/syscalls.o
 .debug_macro   0x0000000000016d3a       0x10 ./Core/Src/syscalls.o
 .debug_macro   0x0000000000016d4a       0x10 ./Core/Src/syscalls.o
 .debug_macro   0x0000000000016d5a       0x10 ./Core/Src/syscalls.o
 .debug_macro   0x0000000000016d6a       0x10 ./Core/Src/syscalls.o
 .debug_macro   0x0000000000016d7a       0x1c ./Core/Src/syscalls.o
 .debug_macro   0x0000000000016d96       0x52 ./Core/Src/syscalls.o
 .debug_macro   0x0000000000016de8       0x22 ./Core/Src/syscalls.o
 .debug_macro   0x0000000000016e0a       0x10 ./Core/Src/syscalls.o
 .debug_macro   0x0000000000016e1a       0x40 ./Core/Src/syscalls.o
 .debug_macro   0x0000000000016e5a       0xd5 ./Core/Src/syscalls.o
 .debug_macro   0x0000000000016f2f       0x1c ./Core/Src/syscalls.o
 .debug_macro   0x0000000000016f4b       0x3d ./Core/Src/syscalls.o
 .debug_macro   0x0000000000016f88       0x35 ./Core/Src/syscalls.o
 .debug_macro   0x0000000000016fbd      0x12c ./Core/Src/syscalls.o
 .debug_macro   0x00000000000170e9       0x10 ./Core/Src/syscalls.o
 .debug_macro   0x00000000000170f9      0x241 ./Core/Src/syscalls.o
 .debug_macro   0x000000000001733a       0x1c ./Core/Src/syscalls.o
 .debug_macro   0x0000000000017356       0x10 ./Core/Src/syscalls.o
 .debug_macro   0x0000000000017366       0x10 ./Core/Src/syscalls.o
 .debug_macro   0x0000000000017376       0x16 ./Core/Src/syscalls.o
 .debug_macro   0x000000000001738c      0x145 ./Core/Src/syscalls.o
 .debug_macro   0x00000000000174d1      0x189 ./Core/Src/syscalls.o
 .debug_macro   0x000000000001765a       0x16 ./Core/Src/syscalls.o
 .debug_macro   0x0000000000017670       0xce ./Core/Src/syscalls.o
 .debug_macro   0x000000000001773e       0xff ./Core/Src/sysmem.o
 .debug_macro   0x000000000001783d      0x23b ./Core/Src/sysmem.o
 .debug_macro   0x0000000000017a78      0x198 ./Core/Src/system_stm32f1xx.o
 .debug_macro   0x0000000000017c10      0x28d ./Core/Src/timer.o
 .debug_macro   0x0000000000017e9d      0x2a3 ./Core/Src/traffic.o
 .debug_macro   0x0000000000018140      0x1bc ./Drivers/STM32F1xx_HAL_Driver/Src/stm32f1xx_hal.o
 .debug_macro   0x00000000000182fc      0x198 ./Drivers/STM32F1xx_HAL_Driver/Src/stm32f1xx_hal_cortex.o
 .debug_macro   0x0000000000018494      0x203 ./Drivers/STM32F1xx_HAL_Driver/Src/stm32f1xx_hal_gpio.o
 .debug_macro   0x0000000000018697      0x1aa ./Drivers/STM32F1xx_HAL_Driver/Src/stm32f1xx_hal_rcc.o
 .debug_macro   0x0000000000018841      0x199 ./Drivers/STM32F1xx_HAL_Driver/Src/stm32f1xx_hal_tim.o
 .debug_macro   0x00000000000189da      0x198 ./Drivers/STM32F1xx_HAL_Driver/Src/stm32f1xx_hal_tim_ex.o

.debug_line     0x0000000000000000     0xd3c0
 .debug_line    0x0000000000000000      0x8e4 ./Core/Src/input_processing.o
 .debug_line    0x00000000000008e4      0x8d5 ./Core/Src/input_reading.o
 .debug_line    0x00000000000011b9      0x892 ./Core/Src/led7_display.o
 .debug_line    0x0000000000001a4b      0xc0a ./Core/Src/main.o
 .debug_line    0x0000000000002655      0x6c9 ./Core/Src/stm32f1xx_hal_msp.o
 .debug_line    0x0000000000002d1e      0x767 ./Core/Src/stm32f1xx_it.o
 .debug_line    0x0000000000003485      0x834 ./Core/Src/syscalls.o
 .debug_line    0x0000000000003cb9      0x52a ./Core/Src/sysmem.o
 .debug_line    0x00000000000041e3      0x70b ./Core/Src/system_stm32f1xx.o
 .debug_line    0x00000000000048ee      0xadb ./Core/Src/timer.o
 .debug_line    0x00000000000053c9      0x955 ./Core/Src/traffic.o
 .debug_line    0x0000000000005d1e       0x87 ./Core/Startup/startup_stm32f103c6tx.o
 .debug_line    0x0000000000005da5      0x938 ./Drivers/STM32F1xx_HAL_Driver/Src/stm32f1xx_hal.o
 .debug_line    0x00000000000066dd      0xb20 ./Drivers/STM32F1xx_HAL_Driver/Src/stm32f1xx_hal_cortex.o
 .debug_line    0x00000000000071fd      0x9b9 ./Drivers/STM32F1xx_HAL_Driver/Src/stm32f1xx_hal_gpio.o
 .debug_line    0x0000000000007bb6      0xd46 ./Drivers/STM32F1xx_HAL_Driver/Src/stm32f1xx_hal_rcc.o
 .debug_line    0x00000000000088fc     0x3296 ./Drivers/STM32F1xx_HAL_Driver/Src/stm32f1xx_hal_tim.o
 .debug_line    0x000000000000bb92     0x182e ./Drivers/STM32F1xx_HAL_Driver/Src/stm32f1xx_hal_tim_ex.o

.debug_str      0x0000000000000000    0x87bdd
 .debug_str     0x0000000000000000    0x826a3 ./Core/Src/input_processing.o
                                      0x82a8d (size before relaxing)
 .debug_str     0x00000000000826a3       0xdb ./Core/Src/input_reading.o
                                      0x82acb (size before relaxing)
 .debug_str     0x000000000008277e       0xb1 ./Core/Src/led7_display.o
                                      0x82a85 (size before relaxing)
 .debug_str     0x000000000008282f      0x8f7 ./Core/Src/main.o
                                      0x833d8 (size before relaxing)
 .debug_str     0x0000000000083126      0x2ba ./Core/Src/stm32f1xx_hal_msp.o
                                      0x7ff15 (size before relaxing)
 .debug_str     0x00000000000833e0       0xcd ./Core/Src/stm32f1xx_it.o
                                      0x7fc77 (size before relaxing)
 .debug_str     0x00000000000834ad     0x25b1 ./Core/Src/syscalls.o
                                       0x8ed5 (size before relaxing)
 .debug_str     0x0000000000085a5e       0x6b ./Core/Src/sysmem.o
                                       0x62a8 (size before relaxing)
 .debug_str     0x0000000000085ac9       0x52 ./Core/Src/system_stm32f1xx.o
                                      0x7f551 (size before relaxing)
 .debug_str     0x0000000000085b1b      0x157 ./Core/Src/timer.o
                                      0x83023 (size before relaxing)
 .debug_str     0x0000000000085c72      0x115 ./Core/Src/traffic.o
                                      0x82b93 (size before relaxing)
 .debug_str     0x0000000000085d87       0x36 ./Core/Startup/startup_stm32f103c6tx.o
                                         0xbc (size before relaxing)
 .debug_str     0x0000000000085dbd      0x2ff ./Drivers/STM32F1xx_HAL_Driver/Src/stm32f1xx_hal.o
                                      0x7fba8 (size before relaxing)
 .debug_str     0x00000000000860bc      0x300 ./Drivers/STM32F1xx_HAL_Driver/Src/stm32f1xx_hal_cortex.o
                                      0x7fbb0 (size before relaxing)
 .debug_str     0x00000000000863bc      0x316 ./Drivers/STM32F1xx_HAL_Driver/Src/stm32f1xx_hal_gpio.o
                                      0x7f915 (size before relaxing)
 .debug_str     0x00000000000866d2      0x24f ./Drivers/STM32F1xx_HAL_Driver/Src/stm32f1xx_hal_rcc.o
                                      0x7f94e (size before relaxing)
 .debug_str     0x0000000000086921      0xdce ./Drivers/STM32F1xx_HAL_Driver/Src/stm32f1xx_hal_tim.o
                                      0x80920 (size before relaxing)
 .debug_str     0x00000000000876ef      0x4ee ./Drivers/STM32F1xx_HAL_Driver/Src/stm32f1xx_hal_tim_ex.o
                                      0x800d1 (size before relaxing)

.comment        0x0000000000000000       0x53
 .comment       0x0000000000000000       0x53 ./Core/Src/input_processing.o
                                         0x54 (size before relaxing)
 .comment       0x0000000000000053       0x54 ./Core/Src/input_reading.o
 .comment       0x0000000000000053       0x54 ./Core/Src/led7_display.o
 .comment       0x0000000000000053       0x54 ./Core/Src/main.o
 .comment       0x0000000000000053       0x54 ./Core/Src/stm32f1xx_hal_msp.o
 .comment       0x0000000000000053       0x54 ./Core/Src/stm32f1xx_it.o
 .comment       0x0000000000000053       0x54 ./Core/Src/syscalls.o
 .comment       0x0000000000000053       0x54 ./Core/Src/sysmem.o
 .comment       0x0000000000000053       0x54 ./Core/Src/system_stm32f1xx.o
 .comment       0x0000000000000053       0x54 ./Core/Src/timer.o
 .comment       0x0000000000000053       0x54 ./Core/Src/traffic.o
 .comment       0x0000000000000053       0x54 ./Drivers/STM32F1xx_HAL_Driver/Src/stm32f1xx_hal.o
 .comment       0x0000000000000053       0x54 ./Drivers/STM32F1xx_HAL_Driver/Src/stm32f1xx_hal_cortex.o
 .comment       0x0000000000000053       0x54 ./Drivers/STM32F1xx_HAL_Driver/Src/stm32f1xx_hal_gpio.o
 .comment       0x0000000000000053       0x54 ./Drivers/STM32F1xx_HAL_Driver/Src/stm32f1xx_hal_rcc.o
 .comment       0x0000000000000053       0x54 ./Drivers/STM32F1xx_HAL_Driver/Src/stm32f1xx_hal_tim.o
 .comment       0x0000000000000053       0x54 ./Drivers/STM32F1xx_HAL_Driver/Src/stm32f1xx_hal_tim_ex.o

.debug_frame    0x0000000000000000     0x2f78
 .debug_frame   0x0000000000000000       0xa8 ./Core/Src/input_processing.o
 .debug_frame   0x00000000000000a8       0x84 ./Core/Src/input_reading.o
 .debug_frame   0x000000000000012c       0x5c ./Core/Src/led7_display.o
 .debug_frame   0x0000000000000188      0x194 ./Core/Src/main.o
 .debug_frame   0x000000000000031c       0x80 ./Core/Src/stm32f1xx_hal_msp.o
 .debug_frame   0x000000000000039c      0x120 ./Core/Src/stm32f1xx_it.o
 .debug_frame   0x00000000000004bc      0x2ac ./Core/Src/syscalls.o
 .debug_frame   0x0000000000000768       0x34 ./Core/Src/sysmem.o
 .debug_frame   0x000000000000079c       0x58 ./Core/Src/system_stm32f1xx.o
 .debug_frame   0x00000000000007f4      0x1c8 ./Core/Src/timer.o
 .debug_frame   0x00000000000009bc       0xac ./Core/Src/traffic.o
 .debug_frame   0x0000000000000a68      0x334 ./Drivers/STM32F1xx_HAL_Driver/Src/stm32f1xx_hal.o
 .debug_frame   0x0000000000000d9c      0x428 ./Drivers/STM32F1xx_HAL_Driver/Src/stm32f1xx_hal_cortex.o
 .debug_frame   0x00000000000011c4      0x14c ./Drivers/STM32F1xx_HAL_Driver/Src/stm32f1xx_hal_gpio.o
 .debug_frame   0x0000000000001310      0x21c ./Drivers/STM32F1xx_HAL_Driver/Src/stm32f1xx_hal_rcc.o
 .debug_frame   0x000000000000152c     0x11b8 ./Drivers/STM32F1xx_HAL_Driver/Src/stm32f1xx_hal_tim.o
 .debug_frame   0x00000000000026e4      0x638 ./Drivers/STM32F1xx_HAL_Driver/Src/stm32f1xx_hal_tim_ex.o
 .debug_frame   0x0000000000002d1c       0x20 d:/stm32cubeide/stm32cubeide_1.7.0/stm32cubeide/plugins/com.st.stm32cube.ide.mcu.externaltools.gnu-tools-for-stm32.9-2020-q2-update.win32_2.0.0.202105311346/tools/bin/../lib/gcc/arm-none-eabi/9.3.1/../../../../arm-none-eabi/lib/thumb/v7-m/nofp\libc_nano.a(lib_a-errno.o)
 .debug_frame   0x0000000000002d3c       0x28 d:/stm32cubeide/stm32cubeide_1.7.0/stm32cubeide/plugins/com.st.stm32cube.ide.mcu.externaltools.gnu-tools-for-stm32.9-2020-q2-update.win32_2.0.0.202105311346/tools/bin/../lib/gcc/arm-none-eabi/9.3.1/../../../../arm-none-eabi/lib/thumb/v7-m/nofp\libc_nano.a(lib_a-exit.o)
 .debug_frame   0x0000000000002d64       0x2c d:/stm32cubeide/stm32cubeide_1.7.0/stm32cubeide/plugins/com.st.stm32cube.ide.mcu.externaltools.gnu-tools-for-stm32.9-2020-q2-update.win32_2.0.0.202105311346/tools/bin/../lib/gcc/arm-none-eabi/9.3.1/../../../../arm-none-eabi/lib/thumb/v7-m/nofp\libc_nano.a(lib_a-init.o)
 .debug_frame   0x0000000000002d90       0x30 d:/stm32cubeide/stm32cubeide_1.7.0/stm32cubeide/plugins/com.st.stm32cube.ide.mcu.externaltools.gnu-tools-for-stm32.9-2020-q2-update.win32_2.0.0.202105311346/tools/bin/../lib/gcc/arm-none-eabi/9.3.1/../../../../arm-none-eabi/lib/thumb/v7-m/nofp\libc_nano.a(lib_a-malloc.o)
 .debug_frame   0x0000000000002dc0       0x20 d:/stm32cubeide/stm32cubeide_1.7.0/stm32cubeide/plugins/com.st.stm32cube.ide.mcu.externaltools.gnu-tools-for-stm32.9-2020-q2-update.win32_2.0.0.202105311346/tools/bin/../lib/gcc/arm-none-eabi/9.3.1/../../../../arm-none-eabi/lib/thumb/v7-m/nofp\libc_nano.a(lib_a-memset.o)
 .debug_frame   0x0000000000002de0       0x30 d:/stm32cubeide/stm32cubeide_1.7.0/stm32cubeide/plugins/com.st.stm32cube.ide.mcu.externaltools.gnu-tools-for-stm32.9-2020-q2-update.win32_2.0.0.202105311346/tools/bin/../lib/gcc/arm-none-eabi/9.3.1/../../../../arm-none-eabi/lib/thumb/v7-m/nofp\libc_nano.a(lib_a-nano-mallocr.o)
 .debug_frame   0x0000000000002e10       0x2c d:/stm32cubeide/stm32cubeide_1.7.0/stm32cubeide/plugins/com.st.stm32cube.ide.mcu.externaltools.gnu-tools-for-stm32.9-2020-q2-update.win32_2.0.0.202105311346/tools/bin/../lib/gcc/arm-none-eabi/9.3.1/../../../../arm-none-eabi/lib/thumb/v7-m/nofp\libc_nano.a(lib_a-sbrkr.o)
 .debug_frame   0x0000000000002e3c       0x30 d:/stm32cubeide/stm32cubeide_1.7.0/stm32cubeide/plugins/com.st.stm32cube.ide.mcu.externaltools.gnu-tools-for-stm32.9-2020-q2-update.win32_2.0.0.202105311346/tools/bin/../lib/gcc/arm-none-eabi/9.3.1/../../../../arm-none-eabi/lib/thumb/v7-m/nofp\libc_nano.a(lib_a-mlock.o)
 .debug_frame   0x0000000000002e6c       0x5c d:/stm32cubeide/stm32cubeide_1.7.0/stm32cubeide/plugins/com.st.stm32cube.ide.mcu.externaltools.gnu-tools-for-stm32.9-2020-q2-update.win32_2.0.0.202105311346/tools/bin/../lib/gcc/arm-none-eabi/9.3.1/../../../../arm-none-eabi/lib/thumb/v7-m/nofp\libc_nano.a(lib_a-reent.o)
 .debug_frame   0x0000000000002ec8       0xb0 d:/stm32cubeide/stm32cubeide_1.7.0/stm32cubeide/plugins/com.st.stm32cube.ide.mcu.externaltools.gnu-tools-for-stm32.9-2020-q2-update.win32_2.0.0.202105311346/tools/bin/../lib/gcc/arm-none-eabi/9.3.1/../../../../arm-none-eabi/lib/thumb/v7-m/nofp\libc_nano.a(lib_a-lock.o)
